Charm++: standalone mode (not using charmrun)
Charm++> Running in Multicore mode: 1 threads (PEs)
Charm++> Using recursive bisection (scheme 3) for topology aware partitions
Converse/Charm++ Commit ID: v80000
CharmLB> Load balancer assumes all CPUs are same.
Charm++> Running on 1 hosts (1 sockets x 6 cores x 2 PUs = 12-way SMP)
Charm++> cpu topology info is gathered in 0.000 seconds.
Info: Built with CUDA version 12060
Pe 0 physical rank 0 binding to CUDA device 0 on DESKTOP-T44QS0K: 'NVIDIA GeForce RTX 2080 SUPER'  Mem: 8191MB  Rev: 7.5  PCI: 0:7:0
CharmLB> Load balancing instrumentation for communication is off.
Info: NAMD 3.0.2 for Linux-x86_64-multicore-CUDA
Info: 
Info: Please visit http://www.ks.uiuc.edu/Research/namd/
Info: for updates, documentation, and support information.
Info: 
Info: Please cite Phillips et al., J. Chem. Phys. 153:044130 (2020) doi:10.1063/5.0014475
Info: in all publications reporting results obtained with NAMD.
Info: 
Info: Based on Charm++/Converse 80000 for multicore-linux-x86_64
Info: Built Sun Jul 12 01:58:16 MDT 2026 by joshua on DESKTOP-T44QS0K
Info: 1 NAMD  3.0.2  Linux-x86_64-multicore-CUDA  1    DESKTOP-T44QS0K  joshua
Info: Running on 1 processors, 1 nodes, 1 physical nodes.
Info: CPU topology information available.
Info: Charm++/Converse parallel runtime startup completed at 0.287748 s
CkLoopLib is used in SMP with simple dynamic scheduling (converse-level notification)
Info: 0 MB of memory in use based on /proc/self/stat
Info: Configuration file is /home/joshua/NADOC/experiments/graphene_pressure_implementation_20260914/z/equilibrate.conf
Info: Changed directory to /home/joshua/NADOC/experiments/graphene_pressure_implementation_20260914/z
TCL: Suspending until startup complete.
Info: Tuning parameters to improve GPU-resident performance
Warning: The Langevin gamma parameters differ over the particles,
Warning: requiring extra work per step to constrain rigid bonds.
Warning: Disabling lonepair support due to incompatability with GPU-resident.
Info: Running with GPU-resident mode
Info: SIMULATION PARAMETERS:
Info: TIMESTEP               2
Info: NUMBER OF STEPS        0
Info: STEPS PER CYCLE        20
Info: PERIODIC CELL BASIS 1  123.54 0 0
Info: PERIODIC CELL BASIS 2  0 122.976 0
Info: PERIODIC CELL BASIS 3  0 0 120
Info: PERIODIC CELL CENTER   61.77 61.4878 12
Info: WRAPPING WATERS AROUND PERIODIC BOUNDARIES ON OUTPUT.
Info: LOAD BALANCER  Centralized
Info: LOAD BALANCING STRATEGY  New Load Balancers -- DEFAULT
Info: LDB PERIOD             4000 steps
Info: FIRST LDB TIMESTEP     100
Info: LAST LDB TIMESTEP     -1
Info: LDB BACKGROUND SCALING 1
Info: HOM BACKGROUND SCALING 1
Info: PME BACKGROUND SCALING 1
Info: MIN ATOMS PER PATCH    40
Info: EMPTY PATCH LOAD       40 ATOMS
Info: VELOCITY FILE          /home/joshua/NADOC/experiments/graphene_pressure_implementation_20260914/z/start.vel
Info: CENTER OF MASS MOVING INITIALLY? NO
Info: DIELECTRIC             1
Info: EXCLUDE                SCALED ONE-FOUR
Info: 1-4 ELECTROSTATICS SCALED BY 1
Info: MODIFIED 1-4 VDW PARAMETERS WILL BE USED
Info: DCD FILENAME           /home/joshua/NADOC/experiments/graphene_pressure_implementation_20260914/z/equilibrate.dcd
Info: DCD FREQUENCY          1000
Info: DCD FIRST STEP         1000
Info: DCD FILE WILL CONTAIN UNIT CELL DATA
Info: XST FILENAME           /home/joshua/NADOC/experiments/graphene_pressure_implementation_20260914/z/equilibrate.xst
Info: XST FREQUENCY          1000
Info: NO VELOCITY DCD OUTPUT
Info: NO FORCE DCD OUTPUT
Info: OUTPUT FILENAME        /home/joshua/NADOC/experiments/graphene_pressure_implementation_20260914/z/equilibrate
Info: BINARY OUTPUT FILES WILL BE USED
Info: RESTART FILENAME       /home/joshua/NADOC/experiments/graphene_pressure_implementation_20260914/z/equilibrate.restart
Info: RESTART FREQUENCY      1000
Info: BINARY RESTART FILES WILL BE USED
Info: SWITCHING ACTIVE
Info: SWITCHING ON           8
Info: SWITCHING OFF          10
Info: PAIRLIST DISTANCE      13.5
Info: PAIRLIST SHRINK RATE   0.01
Info: PAIRLIST GROW RATE     0.01
Info: PAIRLIST TRIGGER       0.3
Info: PAIRLISTS PER CYCLE    2
Info: PAIRLISTS ENABLED
Info: MARGIN                 4
Info: HYDROGEN GROUP CUTOFF  2.5
Info: PATCH DIMENSION        20
Info: ENERGY OUTPUT STEPS    1000
Info: ENERGY EVALUATION STEPS    1000
Info: OUTPUT ENERGY PRECISION 4
Info: CROSSTERM ENERGY INCLUDED IN DIHEDRAL
Info: TIMING OUTPUT STEPS    10000
Info: PRESSURE OUTPUT STEPS  1000
Info: HARMONIC CONSTRAINTS ACTIVE
Info: HARMONIC CONS EXP      2
Info: LANGEVIN DYNAMICS ACTIVE
Info: LANGEVIN TEMPERATURE   300
Info: LANGEVIN USING BBK INTEGRATOR
Info: LANGEVIN DAMPING COEFFICIENT IS 5 INVERSE PS
Info: LANGEVIN DYNAMICS NOT APPLIED TO HYDROGENS
Info: LANGEVIN PISTON PRESSURE CONTROL ACTIVE
Info:        TARGET PRESSURE IS 1.01325 BAR
Info:     OSCILLATION PERIOD IS 1000 FS
Info:             DECAY TIME IS 500 FS
Info:     PISTON TEMPERATURE IS 300 K
Info:       PRESSURE CONTROL IS GROUP-BASED
Info:    INITIAL STRAIN RATE IS 0 0 0
Info:       CELL FLUCTUATION IS ANISOTROPIC
Info:     CONSTANT AREA PRESSURE CONTROL ACTIVE
Info: PARTICLE MESH EWALD (PME) ACTIVE
Info: PME TOLERANCE               1e-06
Info: PME EWALD COEFFICIENT       0.312341
Info: PME INTERPOLATION ORDER     4
Info: PME GRID DIMENSIONS         84 84 80
Info: PME MAXIMUM GRID SPACING    1.5
Info: PME CALCULATION WILL BE PERFORMED ON GPU
Info: FULL ELECTROSTATIC EVALUATION FREQUENCY      2
Info: USING VERLET I (r-RESPA) MTS SCHEME.
Info: C1 SPLITTING OF LONG RANGE ELECTROSTATICS
Info: PLACING ATOMS IN PATCHES BY HYDROGEN GROUPS
Info: RIGID BONDS TO HYDROGEN : ALL
Info:         ERROR TOLERANCE : 1e-08
Info:          MAX ITERATIONS : 100
Info: RIGID WATER USING SETTLE ALGORITHM
Info: RANDOM NUMBER SEED     6142026
Info: USE HYDROGEN BONDS?    NO
Info: COORDINATE PDB         /home/joshua/NADOC/experiments/graphene_pressure_implementation_20260914/z/system.pdb
Info: STRUCTURE FILE         /home/joshua/NADOC/experiments/cube_pore_cavity_20260914/open_pore/fill_100/system.psf
Info: PARAMETER file: CHARMM format! 
Info: PARAMETERS             /home/joshua/NADOC/workspace/md_jobs/60e854232e8c/package/cube_pore_namd_solvated/forcefield/par_all36_na.prm
Info: PARAMETERS             /home/joshua/NADOC/workspace/md_jobs/60e854232e8c/package/cube_pore_namd_solvated/forcefield/par_all36m_prot.prm
Info: PARAMETERS             /home/joshua/NADOC/workspace/md_jobs/60e854232e8c/package/cube_pore_namd_solvated/forcefield/par_np_thiol.prm
Info: PARAMETERS             /home/joshua/NADOC/workspace/md_jobs/60e854232e8c/package/cube_pore_namd_solvated/forcefield/toppar_water_ions_cufix.str
Info: PARAMETERS             /home/joshua/NADOC/workspace/md_jobs/60e854232e8c/package/cube_pore_namd_solvated/forcefield/par_stub_ions_nbfix.str
Info: USING ARITHMETIC MEAN TO COMBINE L-J SIGMA PARAMETERS
Info: BINARY COORDINATES     /home/joshua/NADOC/experiments/graphene_pressure_implementation_20260914/z/start.coor
Info: SKIPPING rtf SECTION IN STREAM FILE
Warning: DUPLICATE vdW PAIR ENTRY FOR NC2-OC
PREVIOUS VALUES  A=829897 B=717.124 A14=829897 B14717.124
   USING VALUES  A=1.19807e+06 B=861.635 A14=1.19807e+06 B14861.635
Warning: DUPLICATE vdW ENTRY FOR OC
PREVIOUS VALUES  sigma=3.02906 epsilon=0.12 sigma14=3.02906 epsilon14=0.12
   USING VALUES  sigma=3.02941 epsilon=0.12 sigma14=3.02941 epsilon14=0.12
Info: SUMMARY OF PARAMETERS:
Info: 234 BONDS
Info: 618 ANGLES
Info: 1256 DIHEDRAL
Info: 50 IMPROPER
Info: 6 CROSSTERM
Info: 129 VDW
Info: 109 VDW_PAIRS
Info: 0 NBTHOLE_PAIRS
Warning: Ignored 57179 bonds with zero force constants.
Warning: Will get H-H distance in rigid H2O from H-O-H angle.
Info: TIME FOR READING PSF FILE: 0.389929
Info: Reading pdb file /home/joshua/NADOC/experiments/graphene_pressure_implementation_20260914/z/system.pdb
Info: TIME FOR READING PDB FILE: 0.155821
Info: 
Info: ****************************
Info: STRUCTURE SUMMARY:
Info: 175743 ATOMS
Info: 114358 BONDS
Info: 57179 ANGLES
Info: 0 DIHEDRALS
Info: 0 IMPROPERS
Info: 0 CROSSTERMS
Info: 0 EXCLUSIONS
Info: 3876 CONSTRAINTS
Info: 171537 RIGID BONDS
Info: 355692 DEGREES OF FREEDOM
Info: 61385 HYDROGEN GROUPS
Info: 3 ATOMS IN LARGEST HYDROGEN GROUP
Info: 61385 MIGRATION GROUPS
Info: 3 ATOMS IN LARGEST MIGRATION GROUP
Info: TOTAL MASS = 1.0863e+06 amu
Info: TOTAL CHARGE = 0 e
Info: MASS DENSITY = 0.989467 g/cm^3
Info: ATOM DENSITY = 0.0963985 atoms/A^3
Info: *****************************
Info: Reading from binary file /home/joshua/NADOC/experiments/graphene_pressure_implementation_20260914/z/start.coor
Info: 
Info: Entering startup at 1.04493 s, 0 MB of memory in use
Info: Startup phase 0 took 0.00055333 s, 0 MB of memory in use
Info: ADDED 171537 IMPLICIT EXCLUSIONS
Info: Startup phase 1 took 0.0295064 s, 0 MB of memory in use
Info: NONBONDED TABLE R-SQUARED SPACING: 0.0625
Info: NONBONDED TABLE SIZE: 705 POINTS
Info: INCONSISTENCY IN FAST TABLE ENERGY VS FORCE: 0.000290479 AT 0.251946
Info: INCONSISTENCY IN SCOR TABLE ENERGY VS FORCE: 0.000178193 AT 9.97184
Info: INCONSISTENCY IN VDWA TABLE ENERGY VS FORCE: 0.0040507 AT 0.251946
Info: INCONSISTENCY IN VDWB TABLE ENERGY VS FORCE: 0.00150189 AT 0.251946
Info: Startup phase 2 took 0.00053844 s, 0 MB of memory in use
Info: Startup phase 3 took 4.4763e-05 s, 0 MB of memory in use
Info: Startup phase 4 took 0.000674934 s, 0 MB of memory in use
Info: Startup phase 5 took 5.1749e-05 s, 0 MB of memory in use
Info: PATCH GRID IS 6 (PERIODIC) BY 6 (PERIODIC) BY 6 (PERIODIC)
Info: PATCH GRID IS 1-AWAY BY 1-AWAY BY 1-AWAY
Info: Reading from binary file /home/joshua/NADOC/experiments/graphene_pressure_implementation_20260914/z/start.vel
Info: REMOVING COM VELOCITY 0.0242222 -0.0100585 0.0187782
Info: LARGEST PATCH (198) HAS 870 ATOMS
Info: TORUS A SIZE 1 USING 0
Info: TORUS B SIZE 1 USING 0
Info: TORUS C SIZE 1 USING 0
Info: TORUS MINIMAL MESH SIZE IS 1 BY 1 BY 1
Info: Placed 100% of base nodes on same physical node as patch
Info: Startup phase 6 took 0.145308 s, 0 MB of memory in use
Info: Use 3D box decompostion in PME FFT.
Info: PME using 1 x 1 x 1 pencil grid for FFT and reciprocal sum.
Info: Startup phase 7 took 0.000157451 s, 0 MB of memory in use
Info: Updated CUDA force table with 4096 elements.
Info: Updated CUDA LJ table with 124 x 124 elements.
Info: Startup phase 8 took 0.00529616 s, 0 MB of memory in use
Info: Startup phase 9 took 8.4471e-05 s, 0 MB of memory in use
Info: Startup phase 10 took 3.1435e-05 s, 0 MB of memory in use
Info: Startup phase 11 took 0.00203179 s, 0 MB of memory in use
LDB: Central LB being created...
Info: Startup phase 12 took 0.0103227 s, 0 MB of memory in use
Info: CREATING 4760 COMPUTE OBJECTS
Info: Found 4 unique exclusion lists needing 4 bytes
Info: Startup phase 13 took 0.0197797 s, 0 MB of memory in use
Info: Startup phase 14 took 0.000113515 s, 0 MB of memory in use
Info: Startup phase 15 took 0.000593865 s, 0 MB of memory in use
Info: Finished startup at 1.26002 s, 0 MB of memory in use

TCL: Running for 2000 steps
PRESSURE: 0 -879.243 326.896 19.8059 -41.0822 964.916 -6.61269 -312.512 -0.886474 -791.939
GPRESSURE: 0 -827.319 296.479 25.7886 -18.7691 1007.26 10.0772 -346.666 1.75653 -717.354
ETITLE:      TS           BOND          ANGLE          DIHED          IMPRP               ELECT            VDW       BOUNDARY           MISC        KINETIC               TOTAL           TEMP      POTENTIAL       TOTALAVG        TEMPAVG            PRESSURE      GPRESSURE         VOLUME       PRESSAVG      GPRESSAVG

ENERGY:       0         0.0000         0.0000         0.0000         0.0000        -644157.9997     58602.9661      3461.9015         0.0000    105433.4513        -476659.6807       298.3285   -582093.1320   -476659.6807       298.3285           -235.4223      -179.1366   1823088.7837      -235.4223      -179.1366

OPENING EXTENDED SYSTEM TRAJECTORY FILE
Info: Initial time: 1 CPUs 0.00983576 s/step 17.5686 ns/day 0 MB memory
Info: Initial time: 1 CPUs 0.00968497 s/step 17.8421 ns/day 0 MB memory
Info: Initial time: 1 CPUs 0.0101022 s/step 17.1051 ns/day 0 MB memory
Info: Benchmark time: 1 CPUs 0.00994869 s/step 17.3691 ns/day 0 MB memory
Info: Benchmark time: 1 CPUs 0.0103658 s/step 16.6702 ns/day 0 MB memory
Info: Benchmark time: 1 CPUs 0.0123845 s/step 13.9529 ns/day 0 MB memory
Info: Benchmark time: 1 CPUs 0.0123408 s/step 14.0023 ns/day 0 MB memory
Info: Benchmark time: 1 CPUs 0.0134553 s/step 12.8425 ns/day 0 MB memory
Info: Benchmark time: 1 CPUs 0.0121361 s/step 14.2385 ns/day 0 MB memory
PRESSURE: 1000 -1389.27 -261.89 38.5554 907.888 -681.42 -47.6885 509.065 -641.275 -9.7138
GPRESSURE: 1000 -1310.95 -223.971 42.7884 862.248 -644.794 4.88979 483.554 -709.749 44.4839
PRESSAVG: 1000 -1134.26 433.403 98.2764 433.403 141.748 -321.081 98.2764 -321.081 -400.827
GPRESSAVG: 1000 -1069.13 36.2542 34.2885 421.739 181.235 7.48348 68.4439 -353.996 -336.435
ENERGY:    1000         0.0000         0.0000         0.0000         0.0000        -650551.9537     60267.6789      3451.3326         0.0000    106297.2980        -480535.6442       300.7728   -586832.9422   -478597.6625       299.5506           -693.4673      -637.0858   1757768.6590      -464.4448      -408.1112

WRITING EXTENDED SYSTEM TO RESTART FILE AT STEP 1000
OPENING COORDINATE DCD FILE
WRITING COORDINATES TO DCD FILE /home/joshua/NADOC/experiments/graphene_pressure_implementation_20260914/z/equilibrate.dcd AT STEP 1000
WRITING COORDINATES TO RESTART FILE AT STEP 1000
FINISHED WRITING RESTART COORDINATES
The last position output (seq=1000) takes 0.011 seconds, 0.000 MB of memory in use
WRITING VELOCITIES TO RESTART FILE AT STEP 1000
FINISHED WRITING RESTART VELOCITIES
The last velocity output (seq=1000) takes 0.002 seconds, 0.000 MB of memory in use
PRESSURE: 2000 -623.678 -1818.46 11.0717 -235.52 -573.688 19.3044 -452.076 -740.838 -66.481
GPRESSURE: 2000 -551.227 -1844.01 27.6276 -215.34 -533.563 51.4016 -479.433 -728.433 -9.6566
PRESSAVG: 2000 -964.063 210.429 -85.1743 210.429 -96.7308 -461 -85.1743 -461 -289.378
GPRESSAVG: 2000 -896.498 -590.502 32.0682 209.38 -57.031 22.1229 -114.182 -478.809 -227.509
ENERGY:    2000         0.0000         0.0000         0.0000         0.0000        -652014.1527     60372.8613      3427.1827         0.0000    105747.2420        -482466.8666       299.2164   -588214.1087   -479887.3972       299.4392           -421.2823      -364.8156   1744058.2154      -450.0573      -393.6793

WRITING EXTENDED SYSTEM TO RESTART FILE AT STEP 2000
WRITING COORDINATES TO DCD FILE /home/joshua/NADOC/experiments/graphene_pressure_implementation_20260914/z/equilibrate.dcd AT STEP 2000
WRITING COORDINATES TO RESTART FILE AT STEP 2000
FINISHED WRITING RESTART COORDINATES
The last position output (seq=2000) takes 0.009 seconds, 0.000 MB of memory in use
WRITING VELOCITIES TO RESTART FILE AT STEP 2000
FINISHED WRITING RESTART VELOCITIES
The last velocity output (seq=2000) takes 0.002 seconds, 0.000 MB of memory in use
WRITING EXTENDED SYSTEM TO OUTPUT FILE AT STEP 2000
CLOSING EXTENDED SYSTEM TRAJECTORY FILE
WRITING COORDINATES TO OUTPUT FILE AT STEP 2000
CLOSING COORDINATE DCD FILE /home/joshua/NADOC/experiments/graphene_pressure_implementation_20260914/z/equilibrate.dcd
The last position output (seq=-2) takes 0.009 seconds, 0.000 MB of memory in use
WRITING VELOCITIES TO OUTPUT FILE AT STEP 2000
The last velocity output (seq=-2) takes 0.003 seconds, 0.000 MB of memory in use
====================================================

WallClock: 25.572449  CPUTime: 27.436457  Memory: 0.000000 MB
[Partition 0][Node 0] End of program
