Charm++: standalone mode (not using charmrun)
Charm++> Running in Multicore mode: 1 threads (PEs)
Charm++> Using recursive bisection (scheme 3) for topology aware partitions
Converse/Charm++ Commit ID: v80000
CharmLB> Load balancer assumes all CPUs are same.
Charm++> Running on 1 hosts (1 sockets x 6 cores x 2 PUs = 12-way SMP)
Charm++> cpu topology info is gathered in 0.000 seconds.
Info: Built with CUDA version 12060
Pe 0 physical rank 0 binding to CUDA device 0 on DESKTOP-T44QS0K: 'NVIDIA GeForce RTX 2080 SUPER'  Mem: 8191MB  Rev: 7.5  PCI: 0:7:0
CharmLB> Load balancing instrumentation for communication is off.
Info: NAMD 3.0.2 for Linux-x86_64-multicore-CUDA
Info: 
Info: Please visit http://www.ks.uiuc.edu/Research/namd/
Info: for updates, documentation, and support information.
Info: 
Info: Please cite Phillips et al., J. Chem. Phys. 153:044130 (2020) doi:10.1063/5.0014475
Info: in all publications reporting results obtained with NAMD.
Info: 
Info: Based on Charm++/Converse 80000 for multicore-linux-x86_64
Info: Built Sun Jul 12 01:58:16 MDT 2026 by joshua on DESKTOP-T44QS0K
Info: 1 NAMD  3.0.2  Linux-x86_64-multicore-CUDA  1    DESKTOP-T44QS0K  joshua
Info: Running on 1 processors, 1 nodes, 1 physical nodes.
Info: CPU topology information available.
Info: Charm++/Converse parallel runtime startup completed at 0.356341 s
CkLoopLib is used in SMP with simple dynamic scheduling (converse-level notification)
Info: 0 MB of memory in use based on /proc/self/stat
Info: Configuration file is /home/joshua/NADOC/experiments/graphene_pressure_implementation_20260914/z/resume.conf
Info: Changed directory to /home/joshua/NADOC/experiments/graphene_pressure_implementation_20260914/z
TCL: Suspending until startup complete.
Info: EXTENDED SYSTEM FILE   /home/joshua/NADOC/experiments/graphene_pressure_implementation_20260914/z/equilibrate.xsc
Info: Tuning parameters to improve GPU-resident performance
Warning: The Langevin gamma parameters differ over the particles,
Warning: requiring extra work per step to constrain rigid bonds.
Warning: Disabling lonepair support due to incompatability with GPU-resident.
Info: Running with GPU-resident mode
Info: SIMULATION PARAMETERS:
Info: TIMESTEP               2
Info: NUMBER OF STEPS        0
Info: STEPS PER CYCLE        20
Info: PERIODIC CELL BASIS 1  123.54 0 0
Info: PERIODIC CELL BASIS 2  0 122.976 0
Info: PERIODIC CELL BASIS 3  0 0 114.798
Info: PERIODIC CELL CENTER   61.77 61.4878 12
Info: WRAPPING WATERS AROUND PERIODIC BOUNDARIES ON OUTPUT.
Info: LOAD BALANCER  Centralized
Info: LOAD BALANCING STRATEGY  New Load Balancers -- DEFAULT
Info: LDB PERIOD             4000 steps
Info: FIRST LDB TIMESTEP     100
Info: LAST LDB TIMESTEP     -1
Info: LDB BACKGROUND SCALING 1
Info: HOM BACKGROUND SCALING 1
Info: PME BACKGROUND SCALING 1
Info: MIN ATOMS PER PATCH    40
Info: EMPTY PATCH LOAD       40 ATOMS
Info: VELOCITY FILE          /home/joshua/NADOC/experiments/graphene_pressure_implementation_20260914/z/equilibrate.vel
Info: CENTER OF MASS MOVING INITIALLY? NO
Info: DIELECTRIC             1
Info: EXCLUDE                SCALED ONE-FOUR
Info: 1-4 ELECTROSTATICS SCALED BY 1
Info: MODIFIED 1-4 VDW PARAMETERS WILL BE USED
Info: DCD FILENAME           /home/joshua/NADOC/experiments/graphene_pressure_implementation_20260914/z/resume.dcd
Info: DCD FREQUENCY          1000
Info: DCD FIRST STEP         1000
Info: DCD FILE WILL CONTAIN UNIT CELL DATA
Info: XST FILENAME           /home/joshua/NADOC/experiments/graphene_pressure_implementation_20260914/z/resume.xst
Info: XST FREQUENCY          1000
Info: NO VELOCITY DCD OUTPUT
Info: NO FORCE DCD OUTPUT
Info: OUTPUT FILENAME        /home/joshua/NADOC/experiments/graphene_pressure_implementation_20260914/z/resume
Info: BINARY OUTPUT FILES WILL BE USED
Info: RESTART FILENAME       /home/joshua/NADOC/experiments/graphene_pressure_implementation_20260914/z/resume.restart
Info: RESTART FREQUENCY      1000
Info: BINARY RESTART FILES WILL BE USED
Info: SWITCHING ACTIVE
Info: SWITCHING ON           8
Info: SWITCHING OFF          10
Info: PAIRLIST DISTANCE      13.5
Info: PAIRLIST SHRINK RATE   0.01
Info: PAIRLIST GROW RATE     0.01
Info: PAIRLIST TRIGGER       0.3
Info: PAIRLISTS PER CYCLE    2
Info: PAIRLISTS ENABLED
Info: MARGIN                 4
Info: HYDROGEN GROUP CUTOFF  2.5
Info: PATCH DIMENSION        20
Info: ENERGY OUTPUT STEPS    1000
Info: ENERGY EVALUATION STEPS    1000
Info: OUTPUT ENERGY PRECISION 4
Info: CROSSTERM ENERGY INCLUDED IN DIHEDRAL
Info: TIMING OUTPUT STEPS    10000
Info: PRESSURE OUTPUT STEPS  1000
Info: HARMONIC CONSTRAINTS ACTIVE
Info: HARMONIC CONS EXP      2
Info: LANGEVIN DYNAMICS ACTIVE
Info: LANGEVIN TEMPERATURE   300
Info: LANGEVIN USING BBK INTEGRATOR
Info: LANGEVIN DAMPING COEFFICIENT IS 5 INVERSE PS
Info: LANGEVIN DYNAMICS NOT APPLIED TO HYDROGENS
Info: LANGEVIN PISTON PRESSURE CONTROL ACTIVE
Info:        TARGET PRESSURE IS 1.01325 BAR
Info:     OSCILLATION PERIOD IS 1000 FS
Info:             DECAY TIME IS 500 FS
Info:     PISTON TEMPERATURE IS 300 K
Info:       PRESSURE CONTROL IS GROUP-BASED
Info:    INITIAL STRAIN RATE IS 0 0 4.97732e-07
Info:       CELL FLUCTUATION IS ANISOTROPIC
Info:     CONSTANT AREA PRESSURE CONTROL ACTIVE
Info: PARTICLE MESH EWALD (PME) ACTIVE
Info: PME TOLERANCE               1e-06
Info: PME EWALD COEFFICIENT       0.312341
Info: PME INTERPOLATION ORDER     4
Info: PME GRID DIMENSIONS         84 84 80
Info: PME MAXIMUM GRID SPACING    1.5
Info: PME CALCULATION WILL BE PERFORMED ON GPU
Info: FULL ELECTROSTATIC EVALUATION FREQUENCY      2
Info: USING VERLET I (r-RESPA) MTS SCHEME.
Info: C1 SPLITTING OF LONG RANGE ELECTROSTATICS
Info: PLACING ATOMS IN PATCHES BY HYDROGEN GROUPS
Info: RIGID BONDS TO HYDROGEN : ALL
Info:         ERROR TOLERANCE : 1e-08
Info:          MAX ITERATIONS : 100
Info: RIGID WATER USING SETTLE ALGORITHM
Info: RANDOM NUMBER SEED     6142026
Info: USE HYDROGEN BONDS?    NO
Info: COORDINATE PDB         /home/joshua/NADOC/experiments/graphene_pressure_implementation_20260914/z/system.pdb
Info: STRUCTURE FILE         /home/joshua/NADOC/experiments/cube_pore_cavity_20260914/open_pore/fill_100/system.psf
Info: PARAMETER file: CHARMM format! 
Info: PARAMETERS             /home/joshua/NADOC/workspace/md_jobs/60e854232e8c/package/cube_pore_namd_solvated/forcefield/par_all36_na.prm
Info: PARAMETERS             /home/joshua/NADOC/workspace/md_jobs/60e854232e8c/package/cube_pore_namd_solvated/forcefield/par_all36m_prot.prm
Info: PARAMETERS             /home/joshua/NADOC/workspace/md_jobs/60e854232e8c/package/cube_pore_namd_solvated/forcefield/par_np_thiol.prm
Info: PARAMETERS             /home/joshua/NADOC/workspace/md_jobs/60e854232e8c/package/cube_pore_namd_solvated/forcefield/toppar_water_ions_cufix.str
Info: PARAMETERS             /home/joshua/NADOC/workspace/md_jobs/60e854232e8c/package/cube_pore_namd_solvated/forcefield/par_stub_ions_nbfix.str
Info: USING ARITHMETIC MEAN TO COMBINE L-J SIGMA PARAMETERS
Info: BINARY COORDINATES     /home/joshua/NADOC/experiments/graphene_pressure_implementation_20260914/z/equilibrate.coor
Info: SKIPPING rtf SECTION IN STREAM FILE
Warning: DUPLICATE vdW PAIR ENTRY FOR NC2-OC
PREVIOUS VALUES  A=829897 B=717.124 A14=829897 B14717.124
   USING VALUES  A=1.19807e+06 B=861.635 A14=1.19807e+06 B14861.635
Warning: DUPLICATE vdW ENTRY FOR OC
PREVIOUS VALUES  sigma=3.02906 epsilon=0.12 sigma14=3.02906 epsilon14=0.12
   USING VALUES  sigma=3.02941 epsilon=0.12 sigma14=3.02941 epsilon14=0.12
Info: SUMMARY OF PARAMETERS:
Info: 234 BONDS
Info: 618 ANGLES
Info: 1256 DIHEDRAL
Info: 50 IMPROPER
Info: 6 CROSSTERM
Info: 129 VDW
Info: 109 VDW_PAIRS
Info: 0 NBTHOLE_PAIRS
Warning: Ignored 57179 bonds with zero force constants.
Warning: Will get H-H distance in rigid H2O from H-O-H angle.
Info: TIME FOR READING PSF FILE: 0.384495
Info: Reading pdb file /home/joshua/NADOC/experiments/graphene_pressure_implementation_20260914/z/system.pdb
Info: TIME FOR READING PDB FILE: 0.158357
Info: 
Info: ****************************
Info: STRUCTURE SUMMARY:
Info: 175743 ATOMS
Info: 114358 BONDS
Info: 57179 ANGLES
Info: 0 DIHEDRALS
Info: 0 IMPROPERS
Info: 0 CROSSTERMS
Info: 0 EXCLUSIONS
Info: 3876 CONSTRAINTS
Info: 171537 RIGID BONDS
Info: 355692 DEGREES OF FREEDOM
Info: 61385 HYDROGEN GROUPS
Info: 3 ATOMS IN LARGEST HYDROGEN GROUP
Info: 61385 MIGRATION GROUPS
Info: 3 ATOMS IN LARGEST MIGRATION GROUP
Info: TOTAL MASS = 1.0863e+06 amu
Info: TOTAL CHARGE = 0 e
Info: MASS DENSITY = 1.0343 g/cm^3
Info: ATOM DENSITY = 0.100767 atoms/A^3
Info: *****************************
Info: Reading from binary file /home/joshua/NADOC/experiments/graphene_pressure_implementation_20260914/z/equilibrate.coor
Info: 
Info: Entering startup at 1.12128 s, 0 MB of memory in use
Info: Startup phase 0 took 0.00053487 s, 0 MB of memory in use
Info: ADDED 171537 IMPLICIT EXCLUSIONS
Info: Startup phase 1 took 0.02919 s, 0 MB of memory in use
Info: NONBONDED TABLE R-SQUARED SPACING: 0.0625
Info: NONBONDED TABLE SIZE: 705 POINTS
Info: INCONSISTENCY IN FAST TABLE ENERGY VS FORCE: 0.000290479 AT 0.251946
Info: INCONSISTENCY IN SCOR TABLE ENERGY VS FORCE: 0.000178193 AT 9.97184
Info: INCONSISTENCY IN VDWA TABLE ENERGY VS FORCE: 0.0040507 AT 0.251946
Info: INCONSISTENCY IN VDWB TABLE ENERGY VS FORCE: 0.00150189 AT 0.251946
Info: Startup phase 2 took 0.00077616 s, 0 MB of memory in use
Info: Startup phase 3 took 5.832e-05 s, 0 MB of memory in use
Info: Startup phase 4 took 0.00073224 s, 0 MB of memory in use
Info: Startup phase 5 took 9.45e-05 s, 0 MB of memory in use
Info: PATCH GRID IS 6 (PERIODIC) BY 6 (PERIODIC) BY 5 (PERIODIC)
Info: PATCH GRID IS 1-AWAY BY 1-AWAY BY 1-AWAY
Info: Reading from binary file /home/joshua/NADOC/experiments/graphene_pressure_implementation_20260914/z/equilibrate.vel
Info: REMOVING COM VELOCITY -0.00443961 0.0160256 -0.0157535
Info: LARGEST PATCH (66) HAS 1033 ATOMS
Info: TORUS A SIZE 1 USING 0
Info: TORUS B SIZE 1 USING 0
Info: TORUS C SIZE 1 USING 0
Info: TORUS MINIMAL MESH SIZE IS 1 BY 1 BY 1
Info: Placed 100% of base nodes on same physical node as patch
Info: Startup phase 6 took 0.126447 s, 0 MB of memory in use
Info: Use 3D box decompostion in PME FFT.
Info: PME using 1 x 1 x 1 pencil grid for FFT and reciprocal sum.
Info: Startup phase 7 took 0.00018045 s, 0 MB of memory in use
Info: Updated CUDA force table with 4096 elements.
Info: Updated CUDA LJ table with 124 x 124 elements.
Info: Startup phase 8 took 0.00425223 s, 0 MB of memory in use
Info: Startup phase 9 took 5.877e-05 s, 0 MB of memory in use
Info: Startup phase 10 took 4.257e-05 s, 0 MB of memory in use
Info: Startup phase 11 took 0.00099792 s, 0 MB of memory in use
LDB: Central LB being created...
Info: Startup phase 12 took 0.00484965 s, 0 MB of memory in use
Info: CREATING 3968 COMPUTE OBJECTS
Info: Found 4 unique exclusion lists needing 4 bytes
Info: Startup phase 13 took 0.0219981 s, 0 MB of memory in use
Info: Startup phase 14 took 0.00011907 s, 0 MB of memory in use
Info: Startup phase 15 took 0.00054486 s, 0 MB of memory in use
Info: Finished startup at 1.31215 s, 0 MB of memory in use

TCL: Running for 2000 steps
PRESSURE: 0 -623.706 -1819.29 20.3636 -236.35 -573.388 21.6304 -442.784 -738.512 -67.5179
GPRESSURE: 0 -550.286 -1844.11 27.0962 -215.439 -533.393 52.4513 -479.964 -727.385 -9.89949
ETITLE:      TS           BOND          ANGLE          DIHED          IMPRP               ELECT            VDW       BOUNDARY           MISC        KINETIC               TOTAL           TEMP      POTENTIAL       TOTALAVG        TEMPAVG            PRESSURE      GPRESSURE         VOLUME       PRESSAVG      GPRESSAVG

ENERGY:       0         0.0000         0.0000         0.0000         0.0000        -652014.1495     60372.8490      3427.1827         0.0000    105730.8798        -482483.2380       299.1701   -588214.1178   -482483.2380       299.1701           -421.5376      -364.5259   1744058.2154      -421.5376      -364.5259

OPENING EXTENDED SYSTEM TRAJECTORY FILE
Info: Initial time: 1 CPUs 0.0101981 s/step 16.9444 ns/day 0 MB memory
Info: Initial time: 1 CPUs 0.012239 s/step 14.1188 ns/day 0 MB memory
Info: Initial time: 1 CPUs 0.0115488 s/step 14.9626 ns/day 0 MB memory
Info: Benchmark time: 1 CPUs 0.00999772 s/step 17.2839 ns/day 0 MB memory
Info: Benchmark time: 1 CPUs 0.0123714 s/step 13.9677 ns/day 0 MB memory
Info: Benchmark time: 1 CPUs 0.0130534 s/step 13.238 ns/day 0 MB memory
Info: Benchmark time: 1 CPUs 0.013194 s/step 13.0969 ns/day 0 MB memory
Info: Benchmark time: 1 CPUs 0.0132361 s/step 13.0552 ns/day 0 MB memory
Info: Benchmark time: 1 CPUs 0.0139198 s/step 12.414 ns/day 0 MB memory
PRESSURE: 1000 -123.852 577.159 -49.3793 377.613 1677.31 26.0931 817.598 61.8398 -27.0751
GPRESSURE: 1000 -78.8807 601.277 -89.0798 410.829 1732.92 43.2694 850.445 37.2222 35.5123
PRESSAVG: 1000 -373.779 70.6316 187.407 70.6316 551.961 -338.336 187.407 -338.336 -47.2965
GPRESSAVG: 1000 -314.583 -621.418 -30.9918 97.6949 599.766 47.8603 185.24 -345.081 12.8064
ENERGY:    1000         0.0000         0.0000         0.0000         0.0000        -652010.2999     60468.1466      3525.7788         0.0000    105549.9863        -482466.3882       298.6582   -588016.3745   -482474.8131       298.9141            508.7945       563.1851   1743059.1445        43.6284        99.3296

WRITING EXTENDED SYSTEM TO RESTART FILE AT STEP 1000
OPENING COORDINATE DCD FILE
WRITING COORDINATES TO DCD FILE /home/joshua/NADOC/experiments/graphene_pressure_implementation_20260914/z/resume.dcd AT STEP 1000
WRITING COORDINATES TO RESTART FILE AT STEP 1000
FINISHED WRITING RESTART COORDINATES
The last position output (seq=1000) takes 0.012 seconds, 0.000 MB of memory in use
WRITING VELOCITIES TO RESTART FILE AT STEP 1000
FINISHED WRITING RESTART VELOCITIES
The last velocity output (seq=1000) takes 0.003 seconds, 0.000 MB of memory in use
PRESSURE: 2000 -422.448 533.694 -89.9729 861.002 -1027.15 -89.6687 -679.094 141.206 20.9499
GPRESSURE: 2000 -349.908 547.651 -69.5331 862.553 -974.055 -93.511 -699.414 156.954 50.3277
PRESSAVG: 2000 -390.002 334.088 -101.427 334.088 25.5896 -178.489 -101.427 -178.489 -24.5477
GPRESSAVG: 2000 -326.358 -231.728 -43.8389 352.648 75.1588 0.736566 -109.645 -177.736 25.3135
ENERGY:    2000         0.0000         0.0000         0.0000         0.0000        -653331.7741     61030.8176      3444.1442         0.0000    105678.1525        -483178.6598       299.0209   -588856.8123   -482709.4287       298.9497           -476.2173      -424.5452   1741113.4120      -129.6535       -75.2953

WRITING EXTENDED SYSTEM TO RESTART FILE AT STEP 2000
WRITING COORDINATES TO DCD FILE /home/joshua/NADOC/experiments/graphene_pressure_implementation_20260914/z/resume.dcd AT STEP 2000
WRITING COORDINATES TO RESTART FILE AT STEP 2000
FINISHED WRITING RESTART COORDINATES
The last position output (seq=2000) takes 0.010 seconds, 0.000 MB of memory in use
WRITING VELOCITIES TO RESTART FILE AT STEP 2000
FINISHED WRITING RESTART VELOCITIES
The last velocity output (seq=2000) takes 0.004 seconds, 0.000 MB of memory in use
WRITING EXTENDED SYSTEM TO OUTPUT FILE AT STEP 2000
CLOSING EXTENDED SYSTEM TRAJECTORY FILE
WRITING COORDINATES TO OUTPUT FILE AT STEP 2000
CLOSING COORDINATE DCD FILE /home/joshua/NADOC/experiments/graphene_pressure_implementation_20260914/z/resume.dcd
The last position output (seq=-2) takes 0.008 seconds, 0.000 MB of memory in use
WRITING VELOCITIES TO OUTPUT FILE AT STEP 2000
The last velocity output (seq=-2) takes 0.002 seconds, 0.000 MB of memory in use
====================================================

WallClock: 27.964735  CPUTime: 30.124876  Memory: 0.000000 MB
[Partition 0][Node 0] End of program
