/home/joshua/NADOC/.venv/lib/python3.12/site-packages/MDAnalysis/coordinates/DCD.py:171: DeprecationWarning: DCDReader currently makes independent timesteps by copying self.ts while other readers update self.ts inplace. This behavior will be changed in 3.0 to be the same as other readers. Read more at https://github.com/MDAnalysis/mdanalysis/issues/3889 to learn if this change in behavior might affect you.
  warnings.warn("DCDReader currently makes independent timesteps"
frames 678 dt ps 100.00000029814058 DNA heavy 149666 sugars 7314
0 0.1 image 9.6 chord 66.4 bend 0.42
10 1.1 image 7.98 chord 66.64 bend 0.49
20 2.1 image 4.22 chord 66.73 bend 0.47
30 3.1 image 3.0 chord 66.8 bend 0.61
40 4.1 image 3.43 chord 66.97 bend 0.78
50 5.1 image 2.86 chord 67.14 bend 1.0
60 6.1 image 2.7 chord 67.2 bend 1.15
70 7.1 image 2.79 chord 67.28 bend 0.91
80 8.1 image 3.24 chord 67.32 bend 0.79
90 9.1 image 2.88 chord 67.42 bend 0.77
100 10.1 image 2.9 chord 67.53 bend 0.94
110 11.1 image 2.89 chord 67.51 bend 1.01
120 12.1 image 2.83 chord 67.46 bend 1.05
130 13.1 image 2.9 chord 67.45 bend 1.23
140 14.1 image 2.68 chord 67.53 bend 1.25
150 15.1 image 2.71 chord 67.56 bend 1.16
160 16.1 image 2.71 chord 67.57 bend 1.15
170 17.1 image 2.73 chord 67.64 bend 1.08
180 18.1 image 2.69 chord 67.65 bend 1.13
190 19.1 image 2.75 chord 67.69 bend 1.2
200 20.1 image 2.8 chord 67.79 bend 1.2
210 21.1 image 2.75 chord 67.85 bend 1.14
220 22.1 image 2.96 chord 67.95 bend 1.25
230 23.1 image 2.47 chord 68.05 bend 1.25
240 24.1 image 2.78 chord 68.13 bend 1.26
250 25.1 image 2.83 chord 68.19 bend 1.32
260 26.1 image 2.71 chord 68.15 bend 1.24
270 27.1 image 2.67 chord 68.12 bend 1.32
280 28.1 image 2.65 chord 68.27 bend 1.29
290 29.1 image 2.7 chord 68.31 bend 1.23
300 30.1 image 2.74 chord 68.27 bend 1.2
310 31.1 image 2.63 chord 68.18 bend 1.4
320 32.1 image 2.68 chord 68.16 bend 1.29
330 33.1 image 2.64 chord 68.11 bend 1.34
340 34.1 image 2.59 chord 68.13 bend 1.34
350 35.1 image 2.72 chord 68.25 bend 1.47
360 36.1 image 2.78 chord 68.15 bend 1.54
370 37.1 image 2.63 chord 68.3 bend 1.38
380 38.1 image 2.67 chord 68.17 bend 1.43
390 39.1 image 2.59 chord 68.31 bend 1.32
400 40.1 image 2.76 chord 68.36 bend 1.34
410 41.1 image 2.78 chord 68.36 bend 1.19
420 42.1 image 2.66 chord 68.33 bend 1.36
430 43.1 image 2.68 chord 68.27 bend 1.36
440 44.1 image 2.59 chord 68.18 bend 1.4
450 45.1 image 2.46 chord 68.27 bend 1.41
460 46.1 image 2.49 chord 68.29 bend 1.56
470 47.1 image 2.76 chord 68.34 bend 1.31
480 48.1 image 2.53 chord 68.4 bend 1.38
490 49.1 image 2.65 chord 68.44 bend 1.41
500 50.1 image 2.68 chord 68.52 bend 1.42
510 51.1 image 2.64 chord 68.56 bend 1.44
520 52.1 image 2.61 chord 68.49 bend 1.62
530 53.1 image 2.64 chord 68.56 bend 1.42
540 54.1 image 2.67 chord 68.54 bend 1.38
550 55.1 image 2.71 chord 68.61 bend 1.53
560 56.1 image 2.5 chord 68.68 bend 1.49
570 57.1 image 2.67 chord 68.65 bend 1.78
580 58.1 image 2.74 chord 68.67 bend 1.6
590 59.1 image 2.71 chord 68.67 bend 1.74
600 60.1 image 2.65 chord 68.7 bend 1.62
610 61.1 image 2.72 chord 68.63 bend 1.69
620 62.1 image 2.68 chord 68.57 bend 1.54
630 63.1 image 2.64 chord 68.52 bend 1.47
640 64.1 image 2.62 chord 68.47 bend 1.52
650 65.1 image 2.77 chord 68.6 bend 1.51
660 66.1 image 2.68 chord 68.55 bend 1.57
670 67.1 image 2.62 chord 68.54 bend 1.66
677 67.8 image 2.57 chord 68.59 bend 1.63
DONE
