Charm++: standalone mode (not using charmrun)
Charm++> Running in Multicore mode: 1 threads (PEs)
Charm++> Using recursive bisection (scheme 3) for topology aware partitions
Converse/Charm++ Commit ID: v80000
CharmLB> Load balancer assumes all CPUs are same.
Charm++> Running on 1 hosts (1 sockets x 6 cores x 2 PUs = 12-way SMP)
Charm++> cpu topology info is gathered in 0.001 seconds.
Info: Built with CUDA version 12060
Pe 0 physical rank 0 binding to CUDA device 0 on DESKTOP-T44QS0K: 'NVIDIA GeForce RTX 2080 SUPER'  Mem: 8191MB  Rev: 7.5  PCI: 0:7:0
CharmLB> Load balancing instrumentation for communication is off.
Info: NAMD 3.0.2 for Linux-x86_64-multicore-CUDA
Info: 
Info: Please visit http://www.ks.uiuc.edu/Research/namd/
Info: for updates, documentation, and support information.
Info: 
Info: Please cite Phillips et al., J. Chem. Phys. 153:044130 (2020) doi:10.1063/5.0014475
Info: in all publications reporting results obtained with NAMD.
Info: 
Info: Based on Charm++/Converse 80000 for multicore-linux-x86_64
Info: Built Sun Jul 12 01:58:16 MDT 2026 by joshua on DESKTOP-T44QS0K
Info: 1 NAMD  3.0.2  Linux-x86_64-multicore-CUDA  1    DESKTOP-T44QS0K  joshua
Info: Running on 1 processors, 1 nodes, 1 physical nodes.
Info: CPU topology information available.
Info: Charm++/Converse parallel runtime startup completed at 0.305499 s
CkLoopLib is used in SMP with simple dynamic scheduling (converse-level notification)
Info: 0 MB of memory in use based on /proc/self/stat
Info: Configuration file is /home/joshua/NADOC/experiments/graphene_pressure_implementation_20260914/y/resume.conf
Info: Changed directory to /home/joshua/NADOC/experiments/graphene_pressure_implementation_20260914/y
TCL: Suspending until startup complete.
Info: EXTENDED SYSTEM FILE   /home/joshua/NADOC/experiments/graphene_pressure_implementation_20260914/y/equilibrate.xsc
Info: Tuning parameters to improve GPU-resident performance
Warning: The Langevin gamma parameters differ over the particles,
Warning: requiring extra work per step to constrain rigid bonds.
Warning: Disabling lonepair support due to incompatability with GPU-resident.
Info: Running with GPU-resident mode
Info: SIMULATION PARAMETERS:
Info: TIMESTEP               2
Info: NUMBER OF STEPS        0
Info: STEPS PER CYCLE        20
Info: PERIODIC CELL BASIS 1  122.976 0 0
Info: PERIODIC CELL BASIS 2  0 115.113 0
Info: PERIODIC CELL BASIS 3  0 0 123.54
Info: PERIODIC CELL CENTER   61.4878 12 61.77
Info: WRAPPING WATERS AROUND PERIODIC BOUNDARIES ON OUTPUT.
Info: LOAD BALANCER  Centralized
Info: LOAD BALANCING STRATEGY  New Load Balancers -- DEFAULT
Info: LDB PERIOD             4000 steps
Info: FIRST LDB TIMESTEP     100
Info: LAST LDB TIMESTEP     -1
Info: LDB BACKGROUND SCALING 1
Info: HOM BACKGROUND SCALING 1
Info: PME BACKGROUND SCALING 1
Info: MIN ATOMS PER PATCH    40
Info: EMPTY PATCH LOAD       40 ATOMS
Info: VELOCITY FILE          /home/joshua/NADOC/experiments/graphene_pressure_implementation_20260914/y/equilibrate.vel
Info: CENTER OF MASS MOVING INITIALLY? NO
Info: DIELECTRIC             1
Info: EXCLUDE                SCALED ONE-FOUR
Info: 1-4 ELECTROSTATICS SCALED BY 1
Info: MODIFIED 1-4 VDW PARAMETERS WILL BE USED
Info: DCD FILENAME           /home/joshua/NADOC/experiments/graphene_pressure_implementation_20260914/y/resume.dcd
Info: DCD FREQUENCY          1000
Info: DCD FIRST STEP         1000
Info: DCD FILE WILL CONTAIN UNIT CELL DATA
Info: XST FILENAME           /home/joshua/NADOC/experiments/graphene_pressure_implementation_20260914/y/resume.xst
Info: XST FREQUENCY          1000
Info: NO VELOCITY DCD OUTPUT
Info: NO FORCE DCD OUTPUT
Info: OUTPUT FILENAME        /home/joshua/NADOC/experiments/graphene_pressure_implementation_20260914/y/resume
Info: BINARY OUTPUT FILES WILL BE USED
Info: RESTART FILENAME       /home/joshua/NADOC/experiments/graphene_pressure_implementation_20260914/y/resume.restart
Info: RESTART FREQUENCY      1000
Info: BINARY RESTART FILES WILL BE USED
Info: SWITCHING ACTIVE
Info: SWITCHING ON           8
Info: SWITCHING OFF          10
Info: PAIRLIST DISTANCE      13.5
Info: PAIRLIST SHRINK RATE   0.01
Info: PAIRLIST GROW RATE     0.01
Info: PAIRLIST TRIGGER       0.3
Info: PAIRLISTS PER CYCLE    2
Info: PAIRLISTS ENABLED
Info: MARGIN                 4
Info: HYDROGEN GROUP CUTOFF  2.5
Info: PATCH DIMENSION        20
Info: ENERGY OUTPUT STEPS    1000
Info: ENERGY EVALUATION STEPS    1000
Info: OUTPUT ENERGY PRECISION 4
Info: CROSSTERM ENERGY INCLUDED IN DIHEDRAL
Info: TIMING OUTPUT STEPS    10000
Info: PRESSURE OUTPUT STEPS  1000
Info: HARMONIC CONSTRAINTS ACTIVE
Info: HARMONIC CONS EXP      2
Info: LANGEVIN DYNAMICS ACTIVE
Info: LANGEVIN TEMPERATURE   300
Info: LANGEVIN USING BBK INTEGRATOR
Info: LANGEVIN DAMPING COEFFICIENT IS 5 INVERSE PS
Info: LANGEVIN DYNAMICS NOT APPLIED TO HYDROGENS
Info: LANGEVIN PISTON PRESSURE CONTROL ACTIVE
Info:        TARGET PRESSURE IS 1.01325 BAR
Info:     OSCILLATION PERIOD IS 1000 FS
Info:             DECAY TIME IS 500 FS
Info:     PISTON TEMPERATURE IS 300 K
Info:       PRESSURE CONTROL IS GROUP-BASED
Info:    INITIAL STRAIN RATE IS 0 -1.38315e-06 0
Info:       CELL FLUCTUATION IS ANISOTROPIC
Info: PARTICLE MESH EWALD (PME) ACTIVE
Info: PME TOLERANCE               1e-06
Info: PME EWALD COEFFICIENT       0.312341
Info: PME INTERPOLATION ORDER     4
Info: PME GRID DIMENSIONS         84 80 84
Info: PME MAXIMUM GRID SPACING    1.5
Info: PME CALCULATION WILL BE PERFORMED ON GPU
Info: FULL ELECTROSTATIC EVALUATION FREQUENCY      2
Info: USING VERLET I (r-RESPA) MTS SCHEME.
Info: C1 SPLITTING OF LONG RANGE ELECTROSTATICS
Info: PLACING ATOMS IN PATCHES BY HYDROGEN GROUPS
Info: RIGID BONDS TO HYDROGEN : ALL
Info:         ERROR TOLERANCE : 1e-08
Info:          MAX ITERATIONS : 100
Info: RIGID WATER USING SETTLE ALGORITHM
Info: RANDOM NUMBER SEED     6142026
Info: USE HYDROGEN BONDS?    NO
Info: COORDINATE PDB         /home/joshua/NADOC/experiments/graphene_pressure_implementation_20260914/y/system.pdb
Info: STRUCTURE FILE         /home/joshua/NADOC/experiments/cube_pore_cavity_20260914/open_pore/fill_100/system.psf
Info: PARAMETER file: CHARMM format! 
Info: PARAMETERS             /home/joshua/NADOC/workspace/md_jobs/60e854232e8c/package/cube_pore_namd_solvated/forcefield/par_all36_na.prm
Info: PARAMETERS             /home/joshua/NADOC/workspace/md_jobs/60e854232e8c/package/cube_pore_namd_solvated/forcefield/par_all36m_prot.prm
Info: PARAMETERS             /home/joshua/NADOC/workspace/md_jobs/60e854232e8c/package/cube_pore_namd_solvated/forcefield/par_np_thiol.prm
Info: PARAMETERS             /home/joshua/NADOC/workspace/md_jobs/60e854232e8c/package/cube_pore_namd_solvated/forcefield/toppar_water_ions_cufix.str
Info: PARAMETERS             /home/joshua/NADOC/workspace/md_jobs/60e854232e8c/package/cube_pore_namd_solvated/forcefield/par_stub_ions_nbfix.str
Info: USING ARITHMETIC MEAN TO COMBINE L-J SIGMA PARAMETERS
Info: BINARY COORDINATES     /home/joshua/NADOC/experiments/graphene_pressure_implementation_20260914/y/equilibrate.coor
Info: SKIPPING rtf SECTION IN STREAM FILE
Warning: DUPLICATE vdW PAIR ENTRY FOR NC2-OC
PREVIOUS VALUES  A=829897 B=717.124 A14=829897 B14717.124
   USING VALUES  A=1.19807e+06 B=861.635 A14=1.19807e+06 B14861.635
Warning: DUPLICATE vdW ENTRY FOR OC
PREVIOUS VALUES  sigma=3.02906 epsilon=0.12 sigma14=3.02906 epsilon14=0.12
   USING VALUES  sigma=3.02941 epsilon=0.12 sigma14=3.02941 epsilon14=0.12
Info: SUMMARY OF PARAMETERS:
Info: 234 BONDS
Info: 618 ANGLES
Info: 1256 DIHEDRAL
Info: 50 IMPROPER
Info: 6 CROSSTERM
Info: 129 VDW
Info: 109 VDW_PAIRS
Info: 0 NBTHOLE_PAIRS
Warning: Ignored 57179 bonds with zero force constants.
Warning: Will get H-H distance in rigid H2O from H-O-H angle.
Info: TIME FOR READING PSF FILE: 0.402845
Info: Reading pdb file /home/joshua/NADOC/experiments/graphene_pressure_implementation_20260914/y/system.pdb
Info: TIME FOR READING PDB FILE: 0.166616
Info: 
Info: ****************************
Info: STRUCTURE SUMMARY:
Info: 175743 ATOMS
Info: 114358 BONDS
Info: 57179 ANGLES
Info: 0 DIHEDRALS
Info: 0 IMPROPERS
Info: 0 CROSSTERMS
Info: 0 EXCLUSIONS
Info: 3876 CONSTRAINTS
Info: 171537 RIGID BONDS
Info: 355692 DEGREES OF FREEDOM
Info: 61385 HYDROGEN GROUPS
Info: 3 ATOMS IN LARGEST HYDROGEN GROUP
Info: 61385 MIGRATION GROUPS
Info: 3 ATOMS IN LARGEST MIGRATION GROUP
Info: TOTAL MASS = 1.0863e+06 amu
Info: TOTAL CHARGE = 0 e
Info: MASS DENSITY = 1.03147 g/cm^3
Info: ATOM DENSITY = 0.100491 atoms/A^3
Info: *****************************
Info: Reading from binary file /home/joshua/NADOC/experiments/graphene_pressure_implementation_20260914/y/equilibrate.coor
Info: 
Info: Entering startup at 1.09025 s, 0 MB of memory in use
Info: Startup phase 0 took 0.000514832 s, 0 MB of memory in use
Info: ADDED 171537 IMPLICIT EXCLUSIONS
Info: Startup phase 1 took 0.0302044 s, 0 MB of memory in use
Info: NONBONDED TABLE R-SQUARED SPACING: 0.0625
Info: NONBONDED TABLE SIZE: 705 POINTS
Info: INCONSISTENCY IN FAST TABLE ENERGY VS FORCE: 0.000290479 AT 0.251946
Info: INCONSISTENCY IN SCOR TABLE ENERGY VS FORCE: 0.000178193 AT 9.97184
Info: INCONSISTENCY IN VDWA TABLE ENERGY VS FORCE: 0.0040507 AT 0.251946
Info: INCONSISTENCY IN VDWB TABLE ENERGY VS FORCE: 0.00150189 AT 0.251946
Info: Startup phase 2 took 0.000817566 s, 0 MB of memory in use
Info: Startup phase 3 took 9.7077e-05 s, 0 MB of memory in use
Info: Startup phase 4 took 0.000716532 s, 0 MB of memory in use
Info: Startup phase 5 took 5.2265e-05 s, 0 MB of memory in use
Info: PATCH GRID IS 6 (PERIODIC) BY 5 (PERIODIC) BY 6 (PERIODIC)
Info: PATCH GRID IS 1-AWAY BY 1-AWAY BY 1-AWAY
Info: Reading from binary file /home/joshua/NADOC/experiments/graphene_pressure_implementation_20260914/y/equilibrate.vel
Info: REMOVING COM VELOCITY 0.018702 0.0220641 -0.0256277
Info: LARGEST PATCH (35) HAS 1025 ATOMS
Info: TORUS A SIZE 1 USING 0
Info: TORUS B SIZE 1 USING 0
Info: TORUS C SIZE 1 USING 0
Info: TORUS MINIMAL MESH SIZE IS 1 BY 1 BY 1
Info: Placed 100% of base nodes on same physical node as patch
Info: Startup phase 6 took 0.14538 s, 0 MB of memory in use
Info: Use 3D box decompostion in PME FFT.
Info: PME using 1 x 1 x 1 pencil grid for FFT and reciprocal sum.
Info: Startup phase 7 took 0.000195259 s, 0 MB of memory in use
Info: Updated CUDA force table with 4096 elements.
Info: Updated CUDA LJ table with 124 x 124 elements.
Info: Startup phase 8 took 0.0050932 s, 0 MB of memory in use
Info: Startup phase 9 took 0.000103702 s, 0 MB of memory in use
Info: Startup phase 10 took 3.1746e-05 s, 0 MB of memory in use
Info: Startup phase 11 took 0.00125832 s, 0 MB of memory in use
LDB: Central LB being created...
Info: Startup phase 12 took 0.00696205 s, 0 MB of memory in use
Info: CREATING 3968 COMPUTE OBJECTS
Info: Found 4 unique exclusion lists needing 4 bytes
Info: Startup phase 13 took 0.024607 s, 0 MB of memory in use
Info: Startup phase 14 took 0.000175015 s, 0 MB of memory in use
Info: Startup phase 15 took 0.000617522 s, 0 MB of memory in use
Info: Finished startup at 1.30708 s, 0 MB of memory in use

TCL: Running for 2000 steps
PRESSURE: 0 -2077.57 -13.6588 693.595 640.05 -85.9164 350.434 -49.3281 72.0686 -635.983
GPRESSURE: 0 -2010.19 28.8811 712.045 597.365 -43.5027 350.557 -71.8651 53.4855 -575.761
ETITLE:      TS           BOND          ANGLE          DIHED          IMPRP               ELECT            VDW       BOUNDARY           MISC        KINETIC               TOTAL           TEMP      POTENTIAL       TOTALAVG        TEMPAVG            PRESSURE      GPRESSURE         VOLUME       PRESSAVG      GPRESSAVG

ENERGY:       0         0.0000         0.0000         0.0000         0.0000        -650872.8254     59811.7313      3473.6131         0.0000    105236.1432        -482351.3377       297.7702   -587587.4809   -482351.3377       297.7702           -933.1573      -876.4854   1748844.4528      -933.1573      -876.4854

OPENING EXTENDED SYSTEM TRAJECTORY FILE
Info: Initial time: 1 CPUs 0.0102633 s/step 16.8368 ns/day 0 MB memory
Info: Initial time: 1 CPUs 0.0101028 s/step 17.1042 ns/day 0 MB memory
Info: Initial time: 1 CPUs 0.0102382 s/step 16.878 ns/day 0 MB memory
Info: Benchmark time: 1 CPUs 0.011522 s/step 14.9973 ns/day 0 MB memory
Info: Benchmark time: 1 CPUs 0.0133601 s/step 12.934 ns/day 0 MB memory
Info: Benchmark time: 1 CPUs 0.0123782 s/step 13.9601 ns/day 0 MB memory
Info: Benchmark time: 1 CPUs 0.011511 s/step 15.0118 ns/day 0 MB memory
Info: Benchmark time: 1 CPUs 0.012029 s/step 14.3652 ns/day 0 MB memory
Info: Benchmark time: 1 CPUs 0.0138464 s/step 12.4798 ns/day 0 MB memory
PRESSURE: 1000 -131.527 -16.2946 -609.418 783.476 -41.8936 1427.21 1296.44 17.4978 122.354
GPRESSURE: 1000 -70.2625 -19.7907 -591.825 782.531 9.95455 1415.1 1298.88 30.3671 170.593
PRESSAVG: 1000 -1104.55 711.763 623.555 711.763 -63.905 44.7832 623.555 44.7832 -256.814
GPRESSAVG: 1000 -1040.23 4.54521 60.11 689.948 -16.7741 882.829 613.509 41.9263 -202.584
ENERGY:    1000         0.0000         0.0000         0.0000         0.0000        -652792.4332     60768.0086      3436.5817         0.0000    105252.2072        -483335.6357       297.8156   -588587.8428   -482843.4867       297.7929            -17.0222        36.7618   1740971.6960      -475.0897      -419.8618

WRITING EXTENDED SYSTEM TO RESTART FILE AT STEP 1000
OPENING COORDINATE DCD FILE
WRITING COORDINATES TO DCD FILE /home/joshua/NADOC/experiments/graphene_pressure_implementation_20260914/y/resume.dcd AT STEP 1000
WRITING COORDINATES TO RESTART FILE AT STEP 1000
FINISHED WRITING RESTART COORDINATES
The last position output (seq=1000) takes 0.011 seconds, 0.000 MB of memory in use
WRITING VELOCITIES TO RESTART FILE AT STEP 1000
FINISHED WRITING RESTART VELOCITIES
The last velocity output (seq=1000) takes 0.002 seconds, 0.000 MB of memory in use
PRESSURE: 2000 283.517 -37.7816 1216.96 738.949 -147.46 668.391 -917.364 9.75612 -349.071
GPRESSURE: 2000 346.745 -29.6242 1236.35 764.815 -91.7 637.79 -916.523 40.25 -307.897
PRESSAVG: 2000 -641.861 720.825 109.915 720.825 -91.7566 33.1075 109.915 33.1075 -287.567
GPRESSAVG: 2000 -577.903 -6.84459 452.191 714.903 -41.7494 801.149 103.498 41.3676 -237.688
ENERGY:    2000         0.0000         0.0000         0.0000         0.0000        -652104.5862     60283.8334      3498.3809         0.0000    106061.5081        -482260.8638       300.1056   -588322.3719   -482649.2791       298.5638            -71.0046       -17.6172   1743804.8152      -340.3947      -285.7803

WRITING EXTENDED SYSTEM TO RESTART FILE AT STEP 2000
WRITING COORDINATES TO DCD FILE /home/joshua/NADOC/experiments/graphene_pressure_implementation_20260914/y/resume.dcd AT STEP 2000
WRITING COORDINATES TO RESTART FILE AT STEP 2000
FINISHED WRITING RESTART COORDINATES
The last position output (seq=2000) takes 0.008 seconds, 0.000 MB of memory in use
WRITING VELOCITIES TO RESTART FILE AT STEP 2000
FINISHED WRITING RESTART VELOCITIES
The last velocity output (seq=2000) takes 0.002 seconds, 0.000 MB of memory in use
WRITING EXTENDED SYSTEM TO OUTPUT FILE AT STEP 2000
CLOSING EXTENDED SYSTEM TRAJECTORY FILE
WRITING COORDINATES TO OUTPUT FILE AT STEP 2000
CLOSING COORDINATE DCD FILE /home/joshua/NADOC/experiments/graphene_pressure_implementation_20260914/y/resume.dcd
The last position output (seq=-2) takes 0.009 seconds, 0.000 MB of memory in use
WRITING VELOCITIES TO OUTPUT FILE AT STEP 2000
The last velocity output (seq=-2) takes 0.003 seconds, 0.000 MB of memory in use
====================================================

WallClock: 26.318464  CPUTime: 28.468515  Memory: 0.000000 MB
[Partition 0][Node 0] End of program
