2026-06-14 13:01:36  job=e29d1e5d5ace  VERDICT=PREPARING  status=MdStatus.preparing  seg=0/0:-  xsc=None(prev None)  C1'=- WC=-  namd=False launcher=True
2026-06-14 13:11:37  job=e29d1e5d5ace  VERDICT=RUNNING_PROGRESSING  status=MdStatus.running  seg=0/12:18hb_01_300K_NPT_ENM_k0p5_p10  xsc=None(prev None)  C1'=- WC=-  namd=False launcher=True
2026-06-14 13:21:38  job=e29d1e5d5ace  VERDICT=RUNNING_PROGRESSING  status=MdStatus.running  seg=0/12:18hb_01_300K_NPT_ENM_k0p5_p10  xsc=None(prev None)  C1'=- WC=-  namd=False launcher=True
2026-06-14 13:31:39  job=e29d1e5d5ace  VERDICT=RUNNING_PROGRESSING  status=MdStatus.running  seg=0/12:18hb_01_300K_NPT_ENM_k0p5_p10  xsc=9600(prev None)  C1'=- WC=-  namd=False launcher=True
2026-06-14 13:41:40  job=e29d1e5d5ace  VERDICT=RUNNING_PROGRESSING  status=MdStatus.running  seg=0/12:18hb_01_300K_NPT_ENM_k0p5_p10  xsc=9600(prev 9600)  C1'=- WC=-  namd=False launcher=True
2026-06-14 13:51:41  job=e29d1e5d5ace  VERDICT=RUNNING_PROGRESSING  status=MdStatus.running  seg=0/12:18hb_01_300K_NPT_ENM_k0p5_p10  xsc=19200(prev 9600)  C1'=- WC=-  namd=False launcher=True
2026-06-14 14:01:43  job=e29d1e5d5ace  VERDICT=RUNNING_PROGRESSING  status=MdStatus.running  seg=0/12:18hb_01_300K_NPT_ENM_k0p5_p10  xsc=24000(prev 19200)  C1'=- WC=-  namd=True launcher=True
2026-06-14 14:11:44  job=e29d1e5d5ace  VERDICT=RUNNING_PROGRESSING  status=MdStatus.running  seg=0/12:18hb_01_300K_NPT_ENM_k0p5_p10  xsc=24000(prev 24000)  C1'=- WC=-  namd=True launcher=True
2026-06-14 14:21:44  job=e29d1e5d5ace  VERDICT=RUNNING_PROGRESSING  status=MdStatus.running  seg=0/12:18hb_01_300K_NPT_ENM_k0p5_p10  xsc=24000(prev 24000)  C1'=- WC=-  namd=True launcher=True
2026-06-14 14:31:45  job=e29d1e5d5ace  VERDICT=RUNNING_PROGRESSING  status=MdStatus.running  seg=0/12:18hb_01_300K_NPT_ENM_k0p5_p10  xsc=24000(prev 24000)  C1'=- WC=-  namd=True launcher=True
2026-06-14 14:41:46  job=e29d1e5d5ace  VERDICT=RUNNING_PROGRESSING  status=MdStatus.running  seg=0/12:18hb_01_300K_NPT_ENM_k0p5_p10  xsc=24000(prev 24000)  C1'=- WC=-  namd=True launcher=True
2026-06-14 14:51:47  job=e29d1e5d5ace  VERDICT=RUNNING_PROGRESSING  status=MdStatus.running  seg=0/12:18hb_01_300K_NPT_ENM_k0p5_p10  xsc=24000(prev 24000)  C1'=- WC=-  namd=True launcher=True
2026-06-14 15:01:48  job=e29d1e5d5ace  VERDICT=RUNNING_PROGRESSING  status=MdStatus.running  seg=0/12:18hb_01_300K_NPT_ENM_k0p5_p10  xsc=28800(prev 24000)  C1'=- WC=-  namd=True launcher=True
2026-06-14 15:11:48  job=e29d1e5d5ace  VERDICT=RUNNING_PROGRESSING  status=MdStatus.running  seg=0/12:18hb_01_300K_NPT_ENM_k0p5_p10  xsc=28800(prev 28800)  C1'=- WC=-  namd=True launcher=True
2026-06-14 15:21:49  job=e29d1e5d5ace  VERDICT=RUNNING_PROGRESSING  status=MdStatus.running  seg=0/12:18hb_01_300K_NPT_ENM_k0p5_p10  xsc=38400(prev 28800)  C1'=- WC=-  namd=True launcher=True
2026-06-14 15:31:50  job=e29d1e5d5ace  VERDICT=RUNNING_PROGRESSING  status=MdStatus.running  seg=0/12:18hb_01_300K_NPT_ENM_k0p5_p10  xsc=38400(prev 38400)  C1'=- WC=-  namd=True launcher=True
2026-06-14 15:41:51  job=e29d1e5d5ace  VERDICT=RUNNING_PROGRESSING  status=MdStatus.running  seg=0/12:18hb_01_300K_NPT_ENM_k0p5_p10  xsc=48000(prev 38400)  C1'=- WC=-  namd=True launcher=True
2026-06-14 15:51:52  job=e29d1e5d5ace  VERDICT=RUNNING_PROGRESSING  status=MdStatus.running  seg=0/12:18hb_01_300K_NPT_ENM_k0p5_p10  xsc=48000(prev 48000)  C1'=- WC=-  namd=True launcher=True
2026-06-14 16:01:52  job=e29d1e5d5ace  VERDICT=RUNNING_PROGRESSING  status=MdStatus.running  seg=0/12:18hb_01_300K_NPT_ENM_k0p5_p10  xsc=57600(prev 48000)  C1'=- WC=-  namd=True launcher=True
2026-06-14 16:11:54  job=e29d1e5d5ace  VERDICT=RUNNING_PROGRESSING  status=MdStatus.running  seg=0/12:18hb_01_300K_NPT_ENM_k0p5_p10  xsc=57600(prev 57600)  C1'=- WC=-  namd=True launcher=True
2026-06-14 16:21:54  job=e29d1e5d5ace  VERDICT=RUNNING_PROGRESSING  status=MdStatus.running  seg=0/12:18hb_01_300K_NPT_ENM_k0p5_p10  xsc=57600(prev 57600)  C1'=- WC=-  namd=True launcher=True
2026-06-14 16:31:55  job=e29d1e5d5ace  VERDICT=RUNNING_PROGRESSING  status=MdStatus.running  seg=0/12:18hb_01_300K_NPT_ENM_k0p5_p10  xsc=67200(prev 57600)  C1'=- WC=-  namd=True launcher=True
2026-06-14 16:41:56  job=e29d1e5d5ace  VERDICT=RUNNING_PROGRESSING  status=MdStatus.running  seg=0/12:18hb_01_300K_NPT_ENM_k0p5_p10  xsc=67200(prev 67200)  C1'=- WC=-  namd=True launcher=True
2026-06-14 16:51:57  job=e29d1e5d5ace  VERDICT=RUNNING_PROGRESSING  status=MdStatus.running  seg=0/12:18hb_01_300K_NPT_ENM_k0p5_p10  xsc=76800(prev 76800)  C1'=- WC=-  namd=True launcher=True
2026-06-14 17:01:58  job=e29d1e5d5ace  VERDICT=RUNNING_PROGRESSING  status=MdStatus.running  seg=0/12:18hb_01_300K_NPT_ENM_k0p5_p10  xsc=76800(prev 76800)  C1'=- WC=-  namd=True launcher=True
2026-06-14 17:19:10  job=e29d1e5d5ace  VERDICT=RUNNING_PROGRESSING  status=MdStatus.running  seg=0/12:18hb_01_300K_NPT_ENM_k0p5_p10  xsc=86400(prev 76800)  C1'=- WC=-  namd=True launcher=True
2026-06-14 17:29:10  job=e29d1e5d5ace  VERDICT=RUNNING_PROGRESSING  status=MdStatus.running  seg=0/12:18hb_01_300K_NPT_ENM_k0p5_p10  xsc=96000(prev 86400)  C1'=- WC=-  namd=True launcher=True
2026-06-14 17:39:10  job=e29d1e5d5ace  VERDICT=RUNNING_PROGRESSING  status=MdStatus.running  seg=0/12:18hb_01_300K_NPT_ENM_k0p5_p10  xsc=105600(prev 96000)  C1'=- WC=-  namd=True launcher=True
2026-06-14 17:49:11  job=e29d1e5d5ace  VERDICT=RUNNING_PROGRESSING  status=MdStatus.running  seg=0/12:18hb_01_300K_NPT_ENM_k0p5_p10  xsc=115200(prev 105600)  C1'=- WC=-  namd=True launcher=True
2026-06-14 17:59:11  job=e29d1e5d5ace  VERDICT=RUNNING_PROGRESSING  status=MdStatus.running  seg=0/12:18hb_01_300K_NPT_ENM_k0p5_p10  xsc=124800(prev 115200)  C1'=- WC=-  namd=True launcher=True
2026-06-14 18:09:11  job=e29d1e5d5ace  VERDICT=RUNNING_PROGRESSING  status=MdStatus.running  seg=0/12:18hb_01_300K_NPT_ENM_k0p5_p10  xsc=134400(prev 124800)  C1'=- WC=-  namd=True launcher=True
2026-06-14 18:19:12  job=e29d1e5d5ace  VERDICT=RUNNING_PROGRESSING  status=MdStatus.running  seg=0/12:18hb_01_300K_NPT_ENM_k0p5_p10  xsc=144000(prev 134400)  C1'=- WC=-  namd=True launcher=True
2026-06-14 18:29:12  job=e29d1e5d5ace  VERDICT=RUNNING_PROGRESSING  status=MdStatus.running  seg=0/12:18hb_01_300K_NPT_ENM_k0p5_p10  xsc=153600(prev 144000)  C1'=- WC=-  namd=True launcher=True
2026-06-14 18:39:13  job=e29d1e5d5ace  VERDICT=RUNNING_PROGRESSING  status=MdStatus.running  seg=0/12:18hb_01_300K_NPT_ENM_k0p5_p10  xsc=163200(prev 153600)  C1'=- WC=-  namd=True launcher=True
2026-06-14 18:49:13  job=e29d1e5d5ace  VERDICT=RUNNING_PROGRESSING  status=MdStatus.running  seg=0/12:18hb_01_300K_NPT_ENM_k0p5_p10  xsc=172800(prev 163200)  C1'=- WC=-  namd=True launcher=True
2026-06-14 18:59:13  job=e29d1e5d5ace  VERDICT=RUNNING_PROGRESSING  status=MdStatus.running  seg=0/12:18hb_01_300K_NPT_ENM_k0p5_p10  xsc=182400(prev 172800)  C1'=- WC=-  namd=True launcher=True
2026-06-14 19:09:14  job=e29d1e5d5ace  VERDICT=RUNNING_PROGRESSING  status=MdStatus.running  seg=0/12:18hb_01_300K_NPT_ENM_k0p5_p10  xsc=192000(prev 182400)  C1'=- WC=-  namd=True launcher=True
2026-06-14 19:19:14  job=e29d1e5d5ace  VERDICT=RUNNING_PROGRESSING  status=MdStatus.running  seg=0/12:18hb_01_300K_NPT_ENM_k0p5_p10  xsc=201600(prev 192000)  C1'=- WC=-  namd=True launcher=True
2026-06-14 19:29:14  job=e29d1e5d5ace  VERDICT=RUNNING_PROGRESSING  status=MdStatus.running  seg=0/12:18hb_01_300K_NPT_ENM_k0p5_p10  xsc=211200(prev 201600)  C1'=- WC=-  namd=True launcher=True
2026-06-14 19:39:15  job=e29d1e5d5ace  VERDICT=RUNNING_PROGRESSING  status=MdStatus.running  seg=0/12:18hb_01_300K_NPT_ENM_k0p5_p10  xsc=220800(prev 211200)  C1'=- WC=-  namd=True launcher=True
2026-06-14 19:49:15  job=e29d1e5d5ace  VERDICT=RUNNING_PROGRESSING  status=MdStatus.running  seg=0/12:18hb_01_300K_NPT_ENM_k0p5_p10  xsc=230400(prev 220800)  C1'=- WC=-  namd=True launcher=True
2026-06-14 19:59:16  job=e29d1e5d5ace  VERDICT=RUNNING_PROGRESSING  status=MdStatus.running  seg=1/12:18hb_01_300K_NPT_ENM_k0p5_p50  xsc=240000(prev 230400)  C1'=100.0% WC=94.8%  namd=True launcher=True
2026-06-14 20:09:16  job=e29d1e5d5ace  VERDICT=RUNNING_PROGRESSING  status=MdStatus.running  seg=1/12:18hb_01_300K_NPT_ENM_k0p5_p50  xsc=240000(prev 240000)  C1'=100.0% WC=94.8%  namd=True launcher=True
2026-06-14 20:19:16  job=e29d1e5d5ace  VERDICT=RUNNING_PROGRESSING  status=MdStatus.running  seg=1/12:18hb_01_300K_NPT_ENM_k0p5_p50  xsc=240000(prev 240000)  C1'=100.0% WC=94.8%  namd=True launcher=True
2026-06-14 20:29:17  job=e29d1e5d5ace  VERDICT=RUNNING_PROGRESSING  status=MdStatus.running  seg=1/12:18hb_01_300K_NPT_ENM_k0p5_p50  xsc=240000(prev 240000)  C1'=100.0% WC=94.8%  namd=True launcher=True
2026-06-14 20:39:17  job=e29d1e5d5ace  VERDICT=RUNNING_PROGRESSING  status=MdStatus.running  seg=1/12:18hb_01_300K_NPT_ENM_k0p5_p50  xsc=240000(prev 240000)  C1'=100.0% WC=94.8%  namd=True launcher=True
2026-06-14 20:49:18  job=e29d1e5d5ace  VERDICT=RUNNING_PROGRESSING  status=MdStatus.running  seg=1/12:18hb_01_300K_NPT_ENM_k0p5_p50  xsc=240000(prev 240000)  C1'=100.0% WC=94.8%  namd=True launcher=True
2026-06-14 20:59:18  job=e29d1e5d5ace  VERDICT=RUNNING_PROGRESSING  status=MdStatus.running  seg=1/12:18hb_01_300K_NPT_ENM_k0p5_p50  xsc=240000(prev 240000)  C1'=100.0% WC=94.8%  namd=True launcher=True
2026-06-14 21:09:18  job=e29d1e5d5ace  VERDICT=RUNNING_PROGRESSING  status=MdStatus.running  seg=1/12:18hb_01_300K_NPT_ENM_k0p5_p50  xsc=240000(prev 240000)  C1'=100.0% WC=94.8%  namd=True launcher=True
2026-06-14 21:19:19  job=e29d1e5d5ace  VERDICT=RUNNING_PROGRESSING  status=MdStatus.running  seg=1/12:18hb_01_300K_NPT_ENM_k0p5_p50  xsc=240000(prev 240000)  C1'=100.0% WC=94.8%  namd=True launcher=True
2026-06-14 21:29:19  job=e29d1e5d5ace  VERDICT=RUNNING_PROGRESSING  status=MdStatus.running  seg=1/12:18hb_01_300K_NPT_ENM_k0p5_p50  xsc=240000(prev 240000)  C1'=100.0% WC=94.8%  namd=True launcher=True  disk=50G
2026-06-14 21:39:20  job=e29d1e5d5ace  VERDICT=RUNNING_PROGRESSING  status=MdStatus.running  seg=1/12:18hb_01_300K_NPT_ENM_k0p5_p50  xsc=240000(prev 240000)  C1'=100.0% WC=94.8%  namd=True launcher=True  disk=50G
2026-06-14 21:49:20  job=e29d1e5d5ace  VERDICT=RUNNING_PROGRESSING  status=MdStatus.running  seg=1/12:18hb_01_300K_NPT_ENM_k0p5_p50  xsc=240000(prev 240000)  C1'=100.0% WC=94.8%  namd=True launcher=True  disk=50G
2026-06-14 21:59:20  job=e29d1e5d5ace  VERDICT=RUNNING_PROGRESSING  status=MdStatus.running  seg=1/12:18hb_01_300K_NPT_ENM_k0p5_p50  xsc=240000(prev 240000)  C1'=100.0% WC=94.8%  namd=True launcher=True  disk=50G
2026-06-14 22:09:21  job=e29d1e5d5ace  VERDICT=RUNNING_PROGRESSING  status=MdStatus.running  seg=1/12:18hb_01_300K_NPT_ENM_k0p5_p50  xsc=240000(prev 240000)  C1'=100.0% WC=94.8%  namd=True launcher=True  disk=50G
2026-06-14 22:19:21  job=e29d1e5d5ace  VERDICT=RUNNING_PROGRESSING  status=MdStatus.running  seg=1/12:18hb_01_300K_NPT_ENM_k0p5_p50  xsc=240000(prev 240000)  C1'=100.0% WC=94.8%  namd=True launcher=True  disk=50G
2026-06-14 22:29:21  job=e29d1e5d5ace  VERDICT=RUNNING_PROGRESSING  status=MdStatus.running  seg=1/12:18hb_01_300K_NPT_ENM_k0p5_p50  xsc=240000(prev 240000)  C1'=100.0% WC=94.8%  namd=True launcher=True  disk=50G
2026-06-14 22:39:22  job=e29d1e5d5ace  VERDICT=RUNNING_PROGRESSING  status=MdStatus.running  seg=1/12:18hb_01_300K_NPT_ENM_k0p5_p50  xsc=240000(prev 240000)  C1'=100.0% WC=94.8%  namd=True launcher=True  disk=50G
2026-06-14 22:49:22  job=e29d1e5d5ace  VERDICT=RUNNING_PROGRESSING  status=MdStatus.running  seg=1/12:18hb_01_300K_NPT_ENM_k0p5_p50  xsc=240000(prev 240000)  C1'=100.0% WC=94.8%  namd=True launcher=True  disk=50G
2026-06-14 22:59:23  job=e29d1e5d5ace  VERDICT=RUNNING_PROGRESSING  status=MdStatus.running  seg=1/12:18hb_01_300K_NPT_ENM_k0p5_p50  xsc=240000(prev 240000)  C1'=100.0% WC=94.8%  namd=True launcher=True  disk=49G
2026-06-14 23:09:23  job=e29d1e5d5ace  VERDICT=RUNNING_PROGRESSING  status=MdStatus.running  seg=1/12:18hb_01_300K_NPT_ENM_k0p5_p50  xsc=240000(prev 240000)  C1'=100.0% WC=94.8%  namd=True launcher=True  disk=49G
2026-06-14 23:19:23  job=e29d1e5d5ace  VERDICT=RUNNING_PROGRESSING  status=MdStatus.running  seg=1/12:18hb_01_300K_NPT_ENM_k0p5_p50  xsc=240000(prev 240000)  C1'=100.0% WC=94.8%  namd=True launcher=True  disk=49G
2026-06-14 23:29:24  job=e29d1e5d5ace  VERDICT=RUNNING_PROGRESSING  status=MdStatus.running  seg=1/12:18hb_01_300K_NPT_ENM_k0p5_p50  xsc=240000(prev 240000)  C1'=100.0% WC=94.8%  namd=True launcher=True  disk=49G
2026-06-14 23:39:24  job=e29d1e5d5ace  VERDICT=RUNNING_PROGRESSING  status=MdStatus.running  seg=1/12:18hb_01_300K_NPT_ENM_k0p5_p50  xsc=240000(prev 240000)  C1'=100.0% WC=94.8%  namd=True launcher=True  disk=49G
2026-06-14 23:49:24  job=e29d1e5d5ace  VERDICT=RUNNING_PROGRESSING  status=MdStatus.running  seg=1/12:18hb_01_300K_NPT_ENM_k0p5_p50  xsc=240000(prev 240000)  C1'=100.0% WC=94.8%  namd=True launcher=True  disk=49G
2026-06-14 23:59:25  job=e29d1e5d5ace  VERDICT=RUNNING_PROGRESSING  status=MdStatus.running  seg=1/12:18hb_01_300K_NPT_ENM_k0p5_p50  xsc=249600(prev 240000)  C1'=100.0% WC=94.8%  namd=True launcher=True  disk=49G
2026-06-15 00:09:25  job=e29d1e5d5ace  VERDICT=RUNNING_PROGRESSING  status=MdStatus.running  seg=1/12:18hb_01_300K_NPT_ENM_k0p5_p50  xsc=259200(prev 249600)  C1'=100.0% WC=94.8%  namd=True launcher=True  disk=49G
2026-06-15 00:19:26  job=e29d1e5d5ace  VERDICT=RUNNING_PROGRESSING  status=MdStatus.running  seg=1/12:18hb_01_300K_NPT_ENM_k0p5_p50  xsc=268800(prev 259200)  C1'=100.0% WC=94.8%  namd=True launcher=True  disk=49G
2026-06-15 00:29:26  job=e29d1e5d5ace  VERDICT=RUNNING_PROGRESSING  status=MdStatus.running  seg=1/12:18hb_01_300K_NPT_ENM_k0p5_p50  xsc=278400(prev 268800)  C1'=100.0% WC=94.8%  namd=True launcher=True  disk=49G
2026-06-15 00:39:26  job=e29d1e5d5ace  VERDICT=RUNNING_PROGRESSING  status=MdStatus.running  seg=1/12:18hb_01_300K_NPT_ENM_k0p5_p50  xsc=288000(prev 278400)  C1'=100.0% WC=94.8%  namd=True launcher=True  disk=49G
2026-06-15 00:49:27  job=e29d1e5d5ace  VERDICT=RUNNING_PROGRESSING  status=MdStatus.running  seg=1/12:18hb_01_300K_NPT_ENM_k0p5_p50  xsc=297600(prev 288000)  C1'=100.0% WC=94.8%  namd=True launcher=True  disk=49G
2026-06-15 00:59:27  job=e29d1e5d5ace  VERDICT=RUNNING_PROGRESSING  status=MdStatus.running  seg=1/12:18hb_01_300K_NPT_ENM_k0p5_p50  xsc=307200(prev 297600)  C1'=100.0% WC=94.8%  namd=True launcher=True  disk=49G
2026-06-15 01:09:28  job=e29d1e5d5ace  VERDICT=RUNNING_PROGRESSING  status=MdStatus.running  seg=1/12:18hb_01_300K_NPT_ENM_k0p5_p50  xsc=316800(prev 307200)  C1'=100.0% WC=94.8%  namd=True launcher=True  disk=49G
2026-06-15 01:19:28  job=e29d1e5d5ace  VERDICT=RUNNING_PROGRESSING  status=MdStatus.running  seg=1/12:18hb_01_300K_NPT_ENM_k0p5_p50  xsc=326400(prev 316800)  C1'=100.0% WC=94.8%  namd=True launcher=True  disk=49G
2026-06-15 01:29:28  job=e29d1e5d5ace  VERDICT=RUNNING_PROGRESSING  status=MdStatus.running  seg=1/12:18hb_01_300K_NPT_ENM_k0p5_p50  xsc=336000(prev 326400)  C1'=100.0% WC=94.8%  namd=True launcher=True  disk=49G
2026-06-15 01:39:29  job=e29d1e5d5ace  VERDICT=RUNNING_PROGRESSING  status=MdStatus.running  seg=1/12:18hb_01_300K_NPT_ENM_k0p5_p50  xsc=345600(prev 336000)  C1'=100.0% WC=94.8%  namd=True launcher=True  disk=49G
2026-06-15 01:49:29  job=e29d1e5d5ace  VERDICT=RUNNING_PROGRESSING  status=MdStatus.running  seg=1/12:18hb_01_300K_NPT_ENM_k0p5_p50  xsc=355200(prev 345600)  C1'=100.0% WC=94.8%  namd=True launcher=True  disk=49G
2026-06-15 01:59:29  job=e29d1e5d5ace  VERDICT=RUNNING_PROGRESSING  status=MdStatus.running  seg=1/12:18hb_01_300K_NPT_ENM_k0p5_p50  xsc=364800(prev 355200)  C1'=100.0% WC=94.8%  namd=True launcher=True  disk=49G
2026-06-15 02:09:30  job=e29d1e5d5ace  VERDICT=RUNNING_PROGRESSING  status=MdStatus.running  seg=1/12:18hb_01_300K_NPT_ENM_k0p5_p50  xsc=374400(prev 364800)  C1'=100.0% WC=94.8%  namd=True launcher=True  disk=49G
2026-06-15 02:19:30  job=e29d1e5d5ace  VERDICT=RUNNING_PROGRESSING  status=MdStatus.running  seg=1/12:18hb_01_300K_NPT_ENM_k0p5_p50  xsc=384000(prev 374400)  C1'=100.0% WC=94.8%  namd=True launcher=True  disk=49G
2026-06-15 02:29:31  job=e29d1e5d5ace  VERDICT=RUNNING_PROGRESSING  status=MdStatus.running  seg=1/12:18hb_01_300K_NPT_ENM_k0p5_p50  xsc=393600(prev 384000)  C1'=100.0% WC=94.8%  namd=True launcher=True  disk=49G
2026-06-15 02:39:31  job=e29d1e5d5ace  VERDICT=RUNNING_PROGRESSING  status=MdStatus.running  seg=1/12:18hb_01_300K_NPT_ENM_k0p5_p50  xsc=412800(prev 393600)  C1'=100.0% WC=94.8%  namd=True launcher=True  disk=49G
2026-06-15 02:49:31  job=e29d1e5d5ace  VERDICT=RUNNING_PROGRESSING  status=MdStatus.running  seg=1/12:18hb_01_300K_NPT_ENM_k0p5_p50  xsc=422400(prev 412800)  C1'=100.0% WC=94.8%  namd=True launcher=True  disk=49G
2026-06-15 02:59:32  job=e29d1e5d5ace  VERDICT=RUNNING_PROGRESSING  status=MdStatus.running  seg=1/12:18hb_01_300K_NPT_ENM_k0p5_p50  xsc=432000(prev 422400)  C1'=100.0% WC=94.8%  namd=True launcher=True  disk=49G
2026-06-15 03:09:32  job=e29d1e5d5ace  VERDICT=RUNNING_PROGRESSING  status=MdStatus.running  seg=1/12:18hb_01_300K_NPT_ENM_k0p5_p50  xsc=441600(prev 432000)  C1'=100.0% WC=94.8%  namd=True launcher=True  disk=49G
2026-06-15 03:19:32  job=e29d1e5d5ace  VERDICT=RUNNING_PROGRESSING  status=MdStatus.running  seg=1/12:18hb_01_300K_NPT_ENM_k0p5_p50  xsc=451200(prev 441600)  C1'=100.0% WC=94.8%  namd=True launcher=True  disk=49G
2026-06-15 03:29:33  job=e29d1e5d5ace  VERDICT=RUNNING_PROGRESSING  status=MdStatus.running  seg=1/12:18hb_01_300K_NPT_ENM_k0p5_p50  xsc=460800(prev 451200)  C1'=100.0% WC=94.8%  namd=True launcher=True  disk=48G
2026-06-15 03:39:33  job=e29d1e5d5ace  VERDICT=RUNNING_PROGRESSING  status=MdStatus.running  seg=1/12:18hb_01_300K_NPT_ENM_k0p5_p50  xsc=470400(prev 460800)  C1'=100.0% WC=94.8%  namd=True launcher=True  disk=48G
2026-06-15 03:49:34  job=e29d1e5d5ace  VERDICT=RUNNING_PROGRESSING  status=MdStatus.running  seg=1/12:18hb_01_300K_NPT_ENM_k0p5_p50  xsc=480000(prev 470400)  C1'=100.0% WC=94.8%  namd=True launcher=True  disk=48G
2026-06-15 03:59:34  job=e29d1e5d5ace  VERDICT=RUNNING_PROGRESSING  status=MdStatus.running  seg=1/12:18hb_01_300K_NPT_ENM_k0p5_p50  xsc=489600(prev 480000)  C1'=100.0% WC=94.8%  namd=True launcher=True  disk=48G
2026-06-15 04:09:34  job=e29d1e5d5ace  VERDICT=RUNNING_PROGRESSING  status=MdStatus.running  seg=1/12:18hb_01_300K_NPT_ENM_k0p5_p50  xsc=499200(prev 489600)  C1'=100.0% WC=94.8%  namd=True launcher=True  disk=48G
2026-06-15 04:19:35  job=e29d1e5d5ace  VERDICT=RUNNING_PROGRESSING  status=MdStatus.running  seg=1/12:18hb_01_300K_NPT_ENM_k0p5_p50  xsc=508800(prev 499200)  C1'=100.0% WC=94.8%  namd=True launcher=True  disk=48G
2026-06-15 04:29:35  job=e29d1e5d5ace  VERDICT=RUNNING_PROGRESSING  status=MdStatus.running  seg=1/12:18hb_01_300K_NPT_ENM_k0p5_p50  xsc=518400(prev 508800)  C1'=100.0% WC=94.8%  namd=True launcher=True  disk=48G
2026-06-15 04:39:35  job=e29d1e5d5ace  VERDICT=RUNNING_PROGRESSING  status=MdStatus.running  seg=1/12:18hb_01_300K_NPT_ENM_k0p5_p50  xsc=528000(prev 518400)  C1'=100.0% WC=94.8%  namd=True launcher=True  disk=48G
2026-06-15 04:49:36  job=e29d1e5d5ace  VERDICT=RUNNING_PROGRESSING  status=MdStatus.running  seg=1/12:18hb_01_300K_NPT_ENM_k0p5_p50  xsc=537600(prev 537600)  C1'=100.0% WC=94.8%  namd=True launcher=True  disk=48G
2026-06-15 04:59:36  job=e29d1e5d5ace  VERDICT=RUNNING_PROGRESSING  status=MdStatus.running  seg=1/12:18hb_01_300K_NPT_ENM_k0p5_p50  xsc=547200(prev 537600)  C1'=100.0% WC=94.8%  namd=True launcher=True  disk=48G
2026-06-15 05:09:37  job=e29d1e5d5ace  VERDICT=RUNNING_PROGRESSING  status=MdStatus.running  seg=1/12:18hb_01_300K_NPT_ENM_k0p5_p50  xsc=556800(prev 547200)  C1'=100.0% WC=94.8%  namd=True launcher=True  disk=48G
2026-06-15 05:19:37  job=e29d1e5d5ace  VERDICT=RUNNING_PROGRESSING  status=MdStatus.running  seg=1/12:18hb_01_300K_NPT_ENM_k0p5_p50  xsc=566400(prev 556800)  C1'=100.0% WC=94.8%  namd=True launcher=True  disk=48G
2026-06-15 05:29:37  job=e29d1e5d5ace  VERDICT=RUNNING_PROGRESSING  status=MdStatus.running  seg=1/12:18hb_01_300K_NPT_ENM_k0p5_p50  xsc=585600(prev 566400)  C1'=100.0% WC=94.8%  namd=True launcher=True  disk=48G
2026-06-15 05:39:38  job=e29d1e5d5ace  VERDICT=RUNNING_PROGRESSING  status=MdStatus.running  seg=1/12:18hb_01_300K_NPT_ENM_k0p5_p50  xsc=595200(prev 585600)  C1'=100.0% WC=94.8%  namd=True launcher=True  disk=48G
2026-06-15 05:49:38  job=e29d1e5d5ace  VERDICT=RUNNING_PROGRESSING  status=MdStatus.running  seg=1/12:18hb_01_300K_NPT_ENM_k0p5_p50  xsc=604800(prev 595200)  C1'=100.0% WC=94.8%  namd=True launcher=True  disk=48G
2026-06-15 05:59:38  job=e29d1e5d5ace  VERDICT=RUNNING_PROGRESSING  status=MdStatus.running  seg=1/12:18hb_01_300K_NPT_ENM_k0p5_p50  xsc=614400(prev 604800)  C1'=100.0% WC=94.8%  namd=True launcher=True  disk=48G
2026-06-15 06:09:39  job=e29d1e5d5ace  VERDICT=RUNNING_PROGRESSING  status=MdStatus.running  seg=1/12:18hb_01_300K_NPT_ENM_k0p5_p50  xsc=624000(prev 614400)  C1'=100.0% WC=94.8%  namd=True launcher=True  disk=48G
2026-06-15 06:19:39  job=e29d1e5d5ace  VERDICT=RUNNING_PROGRESSING  status=MdStatus.running  seg=1/12:18hb_01_300K_NPT_ENM_k0p5_p50  xsc=633600(prev 624000)  C1'=100.0% WC=94.8%  namd=True launcher=True  disk=48G
2026-06-15 06:29:40  job=e29d1e5d5ace  VERDICT=RUNNING_PROGRESSING  status=MdStatus.running  seg=1/12:18hb_01_300K_NPT_ENM_k0p5_p50  xsc=643200(prev 633600)  C1'=100.0% WC=94.8%  namd=True launcher=True  disk=48G
2026-06-15 06:39:40  job=e29d1e5d5ace  VERDICT=RUNNING_PROGRESSING  status=MdStatus.running  seg=1/12:18hb_01_300K_NPT_ENM_k0p5_p50  xsc=652800(prev 643200)  C1'=100.0% WC=94.8%  namd=True launcher=True  disk=48G
2026-06-15 06:49:40  job=e29d1e5d5ace  VERDICT=RUNNING_PROGRESSING  status=MdStatus.running  seg=1/12:18hb_01_300K_NPT_ENM_k0p5_p50  xsc=662400(prev 652800)  C1'=100.0% WC=94.8%  namd=True launcher=True  disk=48G
2026-06-15 06:59:41  job=e29d1e5d5ace  VERDICT=RUNNING_PROGRESSING  status=MdStatus.running  seg=1/12:18hb_01_300K_NPT_ENM_k0p5_p50  xsc=672000(prev 662400)  C1'=100.0% WC=94.8%  namd=True launcher=True  disk=48G
2026-06-15 07:09:41  job=e29d1e5d5ace  VERDICT=RUNNING_PROGRESSING  status=MdStatus.running  seg=1/12:18hb_01_300K_NPT_ENM_k0p5_p50  xsc=681600(prev 672000)  C1'=100.0% WC=94.8%  namd=True launcher=True  disk=48G
2026-06-15 07:19:41  job=e29d1e5d5ace  VERDICT=RUNNING_PROGRESSING  status=MdStatus.running  seg=1/12:18hb_01_300K_NPT_ENM_k0p5_p50  xsc=691200(prev 681600)  C1'=100.0% WC=94.8%  namd=True launcher=True  disk=48G
2026-06-15 07:29:42  job=e29d1e5d5ace  VERDICT=RUNNING_PROGRESSING  status=MdStatus.running  seg=1/12:18hb_01_300K_NPT_ENM_k0p5_p50  xsc=700800(prev 691200)  C1'=100.0% WC=94.8%  namd=True launcher=True  disk=48G
2026-06-15 07:39:42  job=e29d1e5d5ace  VERDICT=RUNNING_PROGRESSING  status=MdStatus.running  seg=1/12:18hb_01_300K_NPT_ENM_k0p5_p50  xsc=710400(prev 700800)  C1'=100.0% WC=94.8%  namd=True launcher=True  disk=48G
2026-06-15 07:49:43  job=e29d1e5d5ace  VERDICT=RUNNING_PROGRESSING  status=MdStatus.running  seg=1/12:18hb_01_300K_NPT_ENM_k0p5_p50  xsc=720000(prev 710400)  C1'=100.0% WC=94.8%  namd=True launcher=True  disk=48G
2026-06-15 07:59:43  job=e29d1e5d5ace  VERDICT=RUNNING_PROGRESSING  status=MdStatus.running  seg=1/12:18hb_01_300K_NPT_ENM_k0p5_p50  xsc=729600(prev 720000)  C1'=100.0% WC=94.8%  namd=True launcher=True  disk=47G
2026-06-15 08:09:43  job=e29d1e5d5ace  VERDICT=RUNNING_PROGRESSING  status=MdStatus.running  seg=1/12:18hb_01_300K_NPT_ENM_k0p5_p50  xsc=739200(prev 729600)  C1'=100.0% WC=94.8%  namd=True launcher=True  disk=47G
2026-06-15 08:19:44  job=e29d1e5d5ace  VERDICT=RUNNING_PROGRESSING  status=MdStatus.running  seg=1/12:18hb_01_300K_NPT_ENM_k0p5_p50  xsc=758400(prev 739200)  C1'=100.0% WC=94.8%  namd=True launcher=True  disk=47G
2026-06-15 08:29:44  job=e29d1e5d5ace  VERDICT=RUNNING_PROGRESSING  status=MdStatus.running  seg=1/12:18hb_01_300K_NPT_ENM_k0p5_p50  xsc=768000(prev 758400)  C1'=100.0% WC=94.8%  namd=True launcher=True  disk=47G
2026-06-15 08:39:44  job=e29d1e5d5ace  VERDICT=RUNNING_PROGRESSING  status=MdStatus.running  seg=1/12:18hb_01_300K_NPT_ENM_k0p5_p50  xsc=777600(prev 768000)  C1'=100.0% WC=94.8%  namd=True launcher=True  disk=47G
2026-06-15 08:49:45  job=e29d1e5d5ace  VERDICT=RUNNING_PROGRESSING  status=MdStatus.running  seg=1/12:18hb_01_300K_NPT_ENM_k0p5_p50  xsc=787200(prev 777600)  C1'=100.0% WC=94.8%  namd=True launcher=True  disk=47G
2026-06-15 08:59:45  job=e29d1e5d5ace  VERDICT=RUNNING_PROGRESSING  status=MdStatus.running  seg=1/12:18hb_01_300K_NPT_ENM_k0p5_p50  xsc=796800(prev 787200)  C1'=100.0% WC=94.8%  namd=True launcher=True  disk=47G
2026-06-15 09:09:46  job=e29d1e5d5ace  VERDICT=RUNNING_PROGRESSING  status=MdStatus.running  seg=1/12:18hb_01_300K_NPT_ENM_k0p5_p50  xsc=806400(prev 796800)  C1'=100.0% WC=94.8%  namd=True launcher=True  disk=47G
2026-06-15 09:18:08  job=e29d1e5d5ace  VERDICT=RUNNING_PROGRESSING  status=MdStatus.running  seg=1/12:18hb_01_300K_NPT_ENM_k0p5_p50  xsc=816000(prev 816000)  C1'=100.0% WC=94.8%  namd=True launcher=True  disk=47G
2026-06-15 09:28:09  job=e29d1e5d5ace  VERDICT=RUNNING_PROGRESSING  status=MdStatus.running  seg=1/12:18hb_01_300K_NPT_ENM_k0p5_p50  xsc=825600(prev 816000)  C1'=100.0% WC=94.8%  namd=True launcher=True  disk=47G
2026-06-15 09:38:09  job=e29d1e5d5ace  VERDICT=RUNNING_PROGRESSING  status=MdStatus.running  seg=1/12:18hb_01_300K_NPT_ENM_k0p5_p50  xsc=835200(prev 825600)  C1'=100.0% WC=94.8%  namd=True launcher=True  disk=47G
2026-06-15 09:48:09  job=e29d1e5d5ace  VERDICT=RUNNING_PROGRESSING  status=MdStatus.running  seg=1/12:18hb_01_300K_NPT_ENM_k0p5_p50  xsc=844800(prev 835200)  C1'=100.0% WC=94.8%  namd=True launcher=True  disk=47G
2026-06-15 09:58:10  job=e29d1e5d5ace  VERDICT=RUNNING_PROGRESSING  status=MdStatus.running  seg=1/12:18hb_01_300K_NPT_ENM_k0p5_p50  xsc=854400(prev 844800)  C1'=100.0% WC=94.8%  namd=True launcher=True  disk=47G
2026-06-15 10:08:10  job=e29d1e5d5ace  VERDICT=RUNNING_PROGRESSING  status=MdStatus.running  seg=1/12:18hb_01_300K_NPT_ENM_k0p5_p50  xsc=864000(prev 854400)  C1'=100.0% WC=94.8%  namd=True launcher=True  disk=47G
2026-06-15 10:18:10  job=e29d1e5d5ace  VERDICT=RUNNING_PROGRESSING  status=MdStatus.running  seg=1/12:18hb_01_300K_NPT_ENM_k0p5_p50  xsc=873600(prev 864000)  C1'=100.0% WC=94.8%  namd=True launcher=True  disk=47G
2026-06-15 10:28:11  job=e29d1e5d5ace  VERDICT=RUNNING_PROGRESSING  status=MdStatus.running  seg=1/12:18hb_01_300K_NPT_ENM_k0p5_p50  xsc=883200(prev 873600)  C1'=100.0% WC=94.8%  namd=True launcher=True  disk=47G
2026-06-15 10:38:11  job=e29d1e5d5ace  VERDICT=RUNNING_PROGRESSING  status=MdStatus.running  seg=1/12:18hb_01_300K_NPT_ENM_k0p5_p50  xsc=892800(prev 883200)  C1'=100.0% WC=94.8%  namd=True launcher=True  disk=47G
2026-06-15 10:48:12  job=e29d1e5d5ace  VERDICT=RUNNING_PROGRESSING  status=MdStatus.running  seg=1/12:18hb_01_300K_NPT_ENM_k0p5_p50  xsc=902400(prev 902400)  C1'=100.0% WC=94.8%  namd=True launcher=True  disk=47G
2026-06-15 10:58:12  job=e29d1e5d5ace  VERDICT=RUNNING_PROGRESSING  status=MdStatus.running  seg=1/12:18hb_01_300K_NPT_ENM_k0p5_p50  xsc=912000(prev 902400)  C1'=100.0% WC=94.8%  namd=True launcher=True  disk=47G
2026-06-15 11:08:12  job=e29d1e5d5ace  VERDICT=RUNNING_PROGRESSING  status=MdStatus.running  seg=1/12:18hb_01_300K_NPT_ENM_k0p5_p50  xsc=921600(prev 912000)  C1'=100.0% WC=94.8%  namd=True launcher=True  disk=47G
2026-06-15 11:18:13  job=e29d1e5d5ace  VERDICT=RUNNING_PROGRESSING  status=MdStatus.running  seg=1/12:18hb_01_300K_NPT_ENM_k0p5_p50  xsc=940800(prev 921600)  C1'=100.0% WC=94.8%  namd=True launcher=True  disk=47G
2026-06-15 11:28:13  job=e29d1e5d5ace  VERDICT=RUNNING_PROGRESSING  status=MdStatus.running  seg=1/12:18hb_01_300K_NPT_ENM_k0p5_p50  xsc=950400(prev 940800)  C1'=100.0% WC=94.8%  namd=True launcher=True  disk=47G
2026-06-15 11:38:13  job=e29d1e5d5ace  VERDICT=RUNNING_PROGRESSING  status=MdStatus.running  seg=1/12:18hb_01_300K_NPT_ENM_k0p5_p50  xsc=960000(prev 950400)  C1'=100.0% WC=94.8%  namd=False launcher=True  disk=46G
2026-06-15 11:48:14  job=e29d1e5d5ace  VERDICT=RUNNING_PROGRESSING  status=MdStatus.running  seg=2/12:18hb_01_300K_NPT_ENM_k0p5_p100  xsc=960000(prev 960000)  C1'=100.0% WC=94.8%  namd=True launcher=True  disk=46G
2026-06-15 11:58:14  job=e29d1e5d5ace  VERDICT=RUNNING_PROGRESSING  status=MdStatus.running  seg=2/12:18hb_01_300K_NPT_ENM_k0p5_p100  xsc=960000(prev 960000)  C1'=100.0% WC=94.8%  namd=True launcher=True  disk=46G
2026-06-15 12:08:15  job=e29d1e5d5ace  VERDICT=RUNNING_PROGRESSING  status=MdStatus.running  seg=2/12:18hb_01_300K_NPT_ENM_k0p5_p100  xsc=960000(prev 960000)  C1'=100.0% WC=94.8%  namd=True launcher=True  disk=46G
2026-06-15 12:18:15  job=e29d1e5d5ace  VERDICT=RUNNING_PROGRESSING  status=MdStatus.running  seg=2/12:18hb_01_300K_NPT_ENM_k0p5_p100  xsc=960000(prev 960000)  C1'=100.0% WC=94.8%  namd=True launcher=True  disk=46G
2026-06-15 12:28:16  job=e29d1e5d5ace  VERDICT=RUNNING_PROGRESSING  status=MdStatus.running  seg=2/12:18hb_01_300K_NPT_ENM_k0p5_p100  xsc=960000(prev 960000)  C1'=100.0% WC=94.8%  namd=True launcher=True  disk=46G
2026-06-15 12:38:16  job=e29d1e5d5ace  VERDICT=RUNNING_PROGRESSING  status=MdStatus.running  seg=2/12:18hb_01_300K_NPT_ENM_k0p5_p100  xsc=960000(prev 960000)  C1'=100.0% WC=94.8%  namd=True launcher=True  disk=46G
2026-06-15 12:48:16  job=e29d1e5d5ace  VERDICT=RUNNING_PROGRESSING  status=MdStatus.running  seg=2/12:18hb_01_300K_NPT_ENM_k0p5_p100  xsc=960000(prev 960000)  C1'=100.0% WC=94.8%  namd=True launcher=True  disk=46G
2026-06-15 12:58:17  job=e29d1e5d5ace  VERDICT=RUNNING_PROGRESSING  status=MdStatus.running  seg=2/12:18hb_01_300K_NPT_ENM_k0p5_p100  xsc=960000(prev 960000)  C1'=100.0% WC=94.8%  namd=True launcher=True  disk=46G
2026-06-15 13:08:17  job=e29d1e5d5ace  VERDICT=RUNNING_PROGRESSING  status=MdStatus.running  seg=2/12:18hb_01_300K_NPT_ENM_k0p5_p100  xsc=960000(prev 960000)  C1'=100.0% WC=94.8%  namd=True launcher=True  disk=46G
2026-06-15 13:18:17  job=e29d1e5d5ace  VERDICT=RUNNING_PROGRESSING  status=MdStatus.running  seg=2/12:18hb_01_300K_NPT_ENM_k0p5_p100  xsc=960000(prev 960000)  C1'=100.0% WC=94.8%  namd=True launcher=True  disk=46G
2026-06-15 13:28:18  job=e29d1e5d5ace  VERDICT=RUNNING_PROGRESSING  status=MdStatus.running  seg=2/12:18hb_01_300K_NPT_ENM_k0p5_p100  xsc=960000(prev 960000)  C1'=100.0% WC=94.8%  namd=True launcher=True  disk=46G
2026-06-15 13:38:18  job=e29d1e5d5ace  VERDICT=RUNNING_PROGRESSING  status=MdStatus.running  seg=2/12:18hb_01_300K_NPT_ENM_k0p5_p100  xsc=960000(prev 960000)  C1'=100.0% WC=94.8%  namd=True launcher=True  disk=46G
2026-06-15 13:48:19  job=e29d1e5d5ace  VERDICT=RUNNING_PROGRESSING  status=MdStatus.running  seg=2/12:18hb_01_300K_NPT_ENM_k0p5_p100  xsc=960000(prev 960000)  C1'=100.0% WC=94.8%  namd=True launcher=True  disk=46G
2026-06-15 13:58:19  job=e29d1e5d5ace  VERDICT=RUNNING_PROGRESSING  status=MdStatus.running  seg=2/12:18hb_01_300K_NPT_ENM_k0p5_p100  xsc=960000(prev 960000)  C1'=100.0% WC=94.8%  namd=True launcher=True  disk=46G
2026-06-15 14:08:19  job=e29d1e5d5ace  VERDICT=RUNNING_PROGRESSING  status=MdStatus.running  seg=2/12:18hb_01_300K_NPT_ENM_k0p5_p100  xsc=960000(prev 960000)  C1'=100.0% WC=94.8%  namd=True launcher=True  disk=46G
2026-06-15 14:18:20  job=e29d1e5d5ace  VERDICT=RUNNING_PROGRESSING  status=MdStatus.running  seg=2/12:18hb_01_300K_NPT_ENM_k0p5_p100  xsc=960000(prev 960000)  C1'=100.0% WC=94.8%  namd=True launcher=True  disk=46G
2026-06-15 14:28:20  job=e29d1e5d5ace  VERDICT=RUNNING_PROGRESSING  status=MdStatus.running  seg=2/12:18hb_01_300K_NPT_ENM_k0p5_p100  xsc=960000(prev 960000)  C1'=100.0% WC=94.8%  namd=True launcher=True  disk=46G
2026-06-15 14:38:20  job=e29d1e5d5ace  VERDICT=RUNNING_PROGRESSING  status=MdStatus.running  seg=2/12:18hb_01_300K_NPT_ENM_k0p5_p100  xsc=960000(prev 960000)  C1'=100.0% WC=94.8%  namd=True launcher=True  disk=46G
2026-06-15 14:48:21  job=e29d1e5d5ace  VERDICT=RUNNING_PROGRESSING  status=MdStatus.running  seg=2/12:18hb_01_300K_NPT_ENM_k0p5_p100  xsc=960000(prev 960000)  C1'=100.0% WC=94.8%  namd=True launcher=True  disk=46G
2026-06-15 14:58:21  job=e29d1e5d5ace  VERDICT=RUNNING_PROGRESSING  status=MdStatus.running  seg=2/12:18hb_01_300K_NPT_ENM_k0p5_p100  xsc=960000(prev 960000)  C1'=100.0% WC=94.8%  namd=True launcher=True  disk=45G
2026-06-15 15:08:22  job=e29d1e5d5ace  VERDICT=RUNNING_PROGRESSING  status=MdStatus.running  seg=2/12:18hb_01_300K_NPT_ENM_k0p5_p100  xsc=960000(prev 960000)  C1'=100.0% WC=94.8%  namd=True launcher=True  disk=45G
2026-06-15 15:18:22  job=e29d1e5d5ace  VERDICT=RUNNING_PROGRESSING  status=MdStatus.running  seg=2/12:18hb_01_300K_NPT_ENM_k0p5_p100  xsc=960000(prev 960000)  C1'=100.0% WC=94.8%  namd=True launcher=True  disk=45G
2026-06-15 15:28:22  job=e29d1e5d5ace  VERDICT=RUNNING_PROGRESSING  status=MdStatus.running  seg=2/12:18hb_01_300K_NPT_ENM_k0p5_p100  xsc=960000(prev 960000)  C1'=100.0% WC=94.8%  namd=True launcher=True  disk=45G
2026-06-15 15:38:23  job=e29d1e5d5ace  VERDICT=RUNNING_PROGRESSING  status=MdStatus.running  seg=2/12:18hb_01_300K_NPT_ENM_k0p5_p100  xsc=960000(prev 960000)  C1'=100.0% WC=94.8%  namd=True launcher=True  disk=45G
2026-06-15 15:48:23  job=e29d1e5d5ace  VERDICT=RUNNING_PROGRESSING  status=MdStatus.running  seg=2/12:18hb_01_300K_NPT_ENM_k0p5_p100  xsc=960000(prev 960000)  C1'=100.0% WC=94.8%  namd=True launcher=True  disk=45G
2026-06-15 15:58:24  job=e29d1e5d5ace  VERDICT=RUNNING_PROGRESSING  status=MdStatus.running  seg=2/12:18hb_01_300K_NPT_ENM_k0p5_p100  xsc=960000(prev 960000)  C1'=100.0% WC=94.8%  namd=True launcher=True  disk=45G
2026-06-15 16:08:24  job=e29d1e5d5ace  VERDICT=RUNNING_PROGRESSING  status=MdStatus.running  seg=2/12:18hb_01_300K_NPT_ENM_k0p5_p100  xsc=960000(prev 960000)  C1'=100.0% WC=94.8%  namd=True launcher=True  disk=45G
2026-06-15 16:18:25  job=e29d1e5d5ace  VERDICT=RUNNING_PROGRESSING  status=MdStatus.running  seg=2/12:18hb_01_300K_NPT_ENM_k0p5_p100  xsc=960000(prev 960000)  C1'=100.0% WC=94.8%  namd=True launcher=True  disk=45G
2026-06-15 16:28:25  job=e29d1e5d5ace  VERDICT=RUNNING_PROGRESSING  status=MdStatus.running  seg=2/12:18hb_01_300K_NPT_ENM_k0p5_p100  xsc=960000(prev 960000)  C1'=100.0% WC=94.8%  namd=True launcher=True  disk=45G
2026-06-15 16:38:25  job=e29d1e5d5ace  VERDICT=RUNNING_PROGRESSING  status=MdStatus.running  seg=2/12:18hb_01_300K_NPT_ENM_k0p5_p100  xsc=960000(prev 960000)  C1'=100.0% WC=94.8%  namd=True launcher=True  disk=45G
2026-06-15 16:48:26  job=e29d1e5d5ace  VERDICT=RUNNING_PROGRESSING  status=MdStatus.running  seg=2/12:18hb_01_300K_NPT_ENM_k0p5_p100  xsc=960000(prev 960000)  C1'=100.0% WC=94.8%  namd=True launcher=True  disk=45G
2026-06-15 16:58:26  job=e29d1e5d5ace  VERDICT=RUNNING_PROGRESSING  status=MdStatus.running  seg=2/12:18hb_01_300K_NPT_ENM_k0p5_p100  xsc=960000(prev 960000)  C1'=100.0% WC=94.8%  namd=True launcher=True  disk=45G
2026-06-15 17:08:27  job=e29d1e5d5ace  VERDICT=RUNNING_PROGRESSING  status=MdStatus.running  seg=2/12:18hb_01_300K_NPT_ENM_k0p5_p100  xsc=960000(prev 960000)  C1'=100.0% WC=94.8%  namd=True launcher=True  disk=45G
Traceback (most recent call last):
  File "/home/jojo/Work/NADOC/scripts/monitor_18hb.py", line 31, in <module>
    from backend.core.md_job import MdJob, MdStatus
  File "/home/jojo/Work/NADOC/backend/core/md_job.py", line 73
    <<<<<<< Updated upstream
    ^^
SyntaxError: invalid syntax
2026-06-15 17:28:27  job=e29d1e5d5ace  VERDICT=RUNNING_PROGRESSING  status=MdStatus.running  seg=2/12:18hb_01_300K_NPT_ENM_k0p5_p100  xsc=960000(prev 960000)  C1'=100.0% WC=94.8%  namd=True launcher=True  disk=45G
2026-06-15 17:38:27  job=e29d1e5d5ace  VERDICT=RUNNING_PROGRESSING  status=MdStatus.running  seg=2/12:18hb_01_300K_NPT_ENM_k0p5_p100  xsc=960000(prev 960000)  C1'=100.0% WC=94.8%  namd=True launcher=True  disk=45G
2026-06-15 17:48:28  job=e29d1e5d5ace  VERDICT=RUNNING_PROGRESSING  status=MdStatus.running  seg=2/12:18hb_01_300K_NPT_ENM_k0p5_p100  xsc=960000(prev 960000)  C1'=100.0% WC=94.8%  namd=True launcher=True  disk=45G
2026-06-15 17:58:28  job=e29d1e5d5ace  VERDICT=RUNNING_PROGRESSING  status=MdStatus.running  seg=2/12:18hb_01_300K_NPT_ENM_k0p5_p100  xsc=960000(prev 960000)  C1'=100.0% WC=94.8%  namd=True launcher=True  disk=45G
2026-06-15 18:08:29  job=e29d1e5d5ace  VERDICT=RUNNING_PROGRESSING  status=MdStatus.running  seg=2/12:18hb_01_300K_NPT_ENM_k0p5_p100  xsc=960000(prev 960000)  C1'=100.0% WC=94.8%  namd=True launcher=True  disk=45G
2026-06-15 18:18:29  job=e29d1e5d5ace  VERDICT=RUNNING_PROGRESSING  status=MdStatus.running  seg=2/12:18hb_01_300K_NPT_ENM_k0p5_p100  xsc=960000(prev 960000)  C1'=100.0% WC=94.8%  namd=True launcher=True  disk=45G
2026-06-15 18:28:29  job=e29d1e5d5ace  VERDICT=RUNNING_PROGRESSING  status=MdStatus.running  seg=2/12:18hb_01_300K_NPT_ENM_k0p5_p100  xsc=960000(prev 960000)  C1'=100.0% WC=94.8%  namd=True launcher=True  disk=45G
2026-06-15 18:38:30  job=e29d1e5d5ace  VERDICT=RUNNING_PROGRESSING  status=MdStatus.running  seg=2/12:18hb_01_300K_NPT_ENM_k0p5_p100  xsc=960000(prev 960000)  C1'=100.0% WC=94.8%  namd=True launcher=True  disk=45G
2026-06-15 18:48:30  job=e29d1e5d5ace  VERDICT=RUNNING_PROGRESSING  status=MdStatus.running  seg=2/12:18hb_01_300K_NPT_ENM_k0p5_p100  xsc=960000(prev 960000)  C1'=100.0% WC=94.8%  namd=True launcher=True  disk=45G
2026-06-15 18:58:30  job=e29d1e5d5ace  VERDICT=RUNNING_PROGRESSING  status=MdStatus.running  seg=2/12:18hb_01_300K_NPT_ENM_k0p5_p100  xsc=960000(prev 960000)  C1'=100.0% WC=94.8%  namd=True launcher=True  disk=45G
2026-06-15 19:08:31  job=e29d1e5d5ace  VERDICT=RUNNING_PROGRESSING  status=MdStatus.running  seg=2/12:18hb_01_300K_NPT_ENM_k0p5_p100  xsc=960000(prev 960000)  C1'=100.0% WC=94.8%  namd=True launcher=True  disk=44G
2026-06-15 19:18:31  job=e29d1e5d5ace  VERDICT=RUNNING_PROGRESSING  status=MdStatus.running  seg=2/12:18hb_01_300K_NPT_ENM_k0p5_p100  xsc=960000(prev 960000)  C1'=100.0% WC=94.8%  namd=True launcher=True  disk=44G
2026-06-15 19:28:31  job=e29d1e5d5ace  VERDICT=RUNNING_PROGRESSING  status=MdStatus.running  seg=2/12:18hb_01_300K_NPT_ENM_k0p5_p100  xsc=960000(prev 960000)  C1'=100.0% WC=94.8%  namd=True launcher=True  disk=44G
2026-06-15 19:38:32  job=e29d1e5d5ace  VERDICT=RUNNING_PROGRESSING  status=MdStatus.running  seg=2/12:18hb_01_300K_NPT_ENM_k0p5_p100  xsc=960000(prev 960000)  C1'=100.0% WC=94.8%  namd=True launcher=True  disk=44G
2026-06-15 19:48:32  job=e29d1e5d5ace  VERDICT=RUNNING_PROGRESSING  status=MdStatus.running  seg=2/12:18hb_01_300K_NPT_ENM_k0p5_p100  xsc=960000(prev 960000)  C1'=100.0% WC=94.8%  namd=True launcher=True  disk=44G
2026-06-15 19:58:33  job=e29d1e5d5ace  VERDICT=RUNNING_PROGRESSING  status=MdStatus.running  seg=2/12:18hb_01_300K_NPT_ENM_k0p5_p100  xsc=960000(prev 960000)  C1'=100.0% WC=94.8%  namd=True launcher=True  disk=44G
2026-06-15 20:08:33  job=e29d1e5d5ace  VERDICT=RUNNING_PROGRESSING  status=MdStatus.running  seg=2/12:18hb_01_300K_NPT_ENM_k0p5_p100  xsc=960000(prev 960000)  C1'=100.0% WC=94.8%  namd=True launcher=True  disk=44G
2026-06-15 20:18:33  job=e29d1e5d5ace  VERDICT=RUNNING_PROGRESSING  status=MdStatus.running  seg=2/12:18hb_01_300K_NPT_ENM_k0p5_p100  xsc=960000(prev 960000)  C1'=100.0% WC=94.8%  namd=True launcher=True  disk=44G
2026-06-15 20:28:34  job=e29d1e5d5ace  VERDICT=RUNNING_PROGRESSING  status=MdStatus.running  seg=2/12:18hb_01_300K_NPT_ENM_k0p5_p100  xsc=960000(prev 960000)  C1'=100.0% WC=94.8%  namd=True launcher=True  disk=44G
2026-06-15 20:38:34  job=e29d1e5d5ace  VERDICT=RUNNING_PROGRESSING  status=MdStatus.running  seg=2/12:18hb_01_300K_NPT_ENM_k0p5_p100  xsc=960000(prev 960000)  C1'=100.0% WC=94.8%  namd=True launcher=True  disk=44G
2026-06-15 20:48:34  job=e29d1e5d5ace  VERDICT=RUNNING_PROGRESSING  status=MdStatus.running  seg=2/12:18hb_01_300K_NPT_ENM_k0p5_p100  xsc=960000(prev 960000)  C1'=100.0% WC=94.8%  namd=True launcher=True  disk=44G
2026-06-15 20:58:35  job=e29d1e5d5ace  VERDICT=RUNNING_PROGRESSING  status=MdStatus.running  seg=2/12:18hb_01_300K_NPT_ENM_k0p5_p100  xsc=960000(prev 960000)  C1'=100.0% WC=94.8%  namd=True launcher=True  disk=44G
2026-06-15 21:08:35  job=e29d1e5d5ace  VERDICT=RUNNING_PROGRESSING  status=MdStatus.running  seg=2/12:18hb_01_300K_NPT_ENM_k0p5_p100  xsc=960000(prev 960000)  C1'=100.0% WC=94.8%  namd=True launcher=True  disk=44G
2026-06-15 21:18:35  job=e29d1e5d5ace  VERDICT=RUNNING_PROGRESSING  status=MdStatus.running  seg=2/12:18hb_01_300K_NPT_ENM_k0p5_p100  xsc=960000(prev 960000)  C1'=100.0% WC=94.8%  namd=True launcher=True  disk=44G
2026-06-15 21:28:36  job=e29d1e5d5ace  VERDICT=RUNNING_PROGRESSING  status=MdStatus.running  seg=2/12:18hb_01_300K_NPT_ENM_k0p5_p100  xsc=960000(prev 960000)  C1'=100.0% WC=94.8%  namd=True launcher=True  disk=44G
2026-06-15 21:38:36  job=e29d1e5d5ace  VERDICT=RUNNING_PROGRESSING  status=MdStatus.running  seg=2/12:18hb_01_300K_NPT_ENM_k0p5_p100  xsc=960000(prev 960000)  C1'=100.0% WC=94.8%  namd=True launcher=True  disk=44G
2026-06-15 21:48:37  job=e29d1e5d5ace  VERDICT=RUNNING_PROGRESSING  status=MdStatus.running  seg=2/12:18hb_01_300K_NPT_ENM_k0p5_p100  xsc=960000(prev 960000)  C1'=100.0% WC=94.8%  namd=True launcher=True  disk=44G
